<?xml version="1.0" encoding="ISO-8859-1" ?>
<link_info>
   <banner>MSP430 Linker PC v21.6.1.LTS</banner>
   <copyright>Copyright (c) 2003-2018 Texas Instruments Incorporated</copyright>
   <link_time>0x691c1af3</link_time>
   <link_errors>0x0</link_errors>
   <output_file>soundproject.out</output_file>
   <entry_point>
      <name>_c_int00_noargs_mpu</name>
      <address>0x4400</address>
   </entry_point>
   <input_file_list>
      <input_file id="fl-2">
         <path>.\</path>
         <kind>object</kind>
         <file>logo.obj</file>
         <name>logo.obj</name>
      </input_file>
      <input_file id="fl-3">
         <path>.\</path>
         <kind>object</kind>
         <file>main.obj</file>
         <name>main.obj</name>
      </input_file>
      <input_file id="fl-4">
         <path>.\</path>
         <kind>object</kind>
         <file>music_trainer.obj</file>
         <name>music_trainer.obj</name>
      </input_file>
      <input_file id="fl-5">
         <path>.\</path>
         <kind>object</kind>
         <file>trainer_hw.obj</file>
         <name>trainer_hw.obj</name>
      </input_file>
      <input_file id="fl-6">
         <path>.\GrLib\fonts\</path>
         <kind>object</kind>
         <file>fontClean5x8.obj</file>
         <name>fontClean5x8.obj</name>
      </input_file>
      <input_file id="fl-7">
         <path>.\GrLib\fonts\</path>
         <kind>object</kind>
         <file>fontClean7x10.obj</file>
         <name>fontClean7x10.obj</name>
      </input_file>
      <input_file id="fl-8">
         <path>.\GrLib\fonts\</path>
         <kind>object</kind>
         <file>fontCourier7x13.obj</file>
         <name>fontCourier7x13.obj</name>
      </input_file>
      <input_file id="fl-9">
         <path>.\GrLib\fonts\</path>
         <kind>object</kind>
         <file>fontCourier7x13b.obj</file>
         <name>fontCourier7x13b.obj</name>
      </input_file>
      <input_file id="fl-a">
         <path>.\GrLib\fonts\</path>
         <kind>object</kind>
         <file>fontFixed7x13.obj</file>
         <name>fontFixed7x13.obj</name>
      </input_file>
      <input_file id="fl-b">
         <path>.\GrLib\fonts\</path>
         <kind>object</kind>
         <file>fontLucidabright6x12.obj</file>
         <name>fontLucidabright6x12.obj</name>
      </input_file>
      <input_file id="fl-c">
         <path>.\GrLib\fonts\</path>
         <kind>object</kind>
         <file>fontLucidasans6x11.obj</file>
         <name>fontLucidasans6x11.obj</name>
      </input_file>
      <input_file id="fl-d">
         <path>.\GrLib\fonts\</path>
         <kind>object</kind>
         <file>fontLucidasans8x15.obj</file>
         <name>fontLucidasans8x15.obj</name>
      </input_file>
      <input_file id="fl-e">
         <path>.\GrLib\fonts\</path>
         <kind>object</kind>
         <file>fontcm12.obj</file>
         <name>fontcm12.obj</name>
      </input_file>
      <input_file id="fl-f">
         <path>.\GrLib\fonts\</path>
         <kind>object</kind>
         <file>fontcm12b.obj</file>
         <name>fontcm12b.obj</name>
      </input_file>
      <input_file id="fl-10">
         <path>.\GrLib\fonts\</path>
         <kind>object</kind>
         <file>fontcm16.obj</file>
         <name>fontcm16.obj</name>
      </input_file>
      <input_file id="fl-11">
         <path>.\GrLib\fonts\</path>
         <kind>object</kind>
         <file>fontcmss12.obj</file>
         <name>fontcmss12.obj</name>
      </input_file>
      <input_file id="fl-12">
         <path>.\GrLib\fonts\</path>
         <kind>object</kind>
         <file>fontcmtt12.obj</file>
         <name>fontcmtt12.obj</name>
      </input_file>
      <input_file id="fl-13">
         <path>.\GrLib\fonts\</path>
         <kind>object</kind>
         <file>fontfixed6x8.obj</file>
         <name>fontfixed6x8.obj</name>
      </input_file>
      <input_file id="fl-14">
         <path>.\GrLib\grlib\</path>
         <kind>object</kind>
         <file>button.obj</file>
         <name>button.obj</name>
      </input_file>
      <input_file id="fl-15">
         <path>.\GrLib\grlib\</path>
         <kind>object</kind>
         <file>checkbox.obj</file>
         <name>checkbox.obj</name>
      </input_file>
      <input_file id="fl-16">
         <path>.\GrLib\grlib\</path>
         <kind>object</kind>
         <file>circle.obj</file>
         <name>circle.obj</name>
      </input_file>
      <input_file id="fl-17">
         <path>.\GrLib\grlib\</path>
         <kind>object</kind>
         <file>context.obj</file>
         <name>context.obj</name>
      </input_file>
      <input_file id="fl-18">
         <path>.\GrLib\grlib\</path>
         <kind>object</kind>
         <file>display.obj</file>
         <name>display.obj</name>
      </input_file>
      <input_file id="fl-19">
         <path>.\GrLib\grlib\</path>
         <kind>object</kind>
         <file>image.obj</file>
         <name>image.obj</name>
      </input_file>
      <input_file id="fl-1a">
         <path>.\GrLib\grlib\</path>
         <kind>object</kind>
         <file>imageButton.obj</file>
         <name>imageButton.obj</name>
      </input_file>
      <input_file id="fl-1b">
         <path>.\GrLib\grlib\</path>
         <kind>object</kind>
         <file>line.obj</file>
         <name>line.obj</name>
      </input_file>
      <input_file id="fl-1c">
         <path>.\GrLib\grlib\</path>
         <kind>object</kind>
         <file>radioButton.obj</file>
         <name>radioButton.obj</name>
      </input_file>
      <input_file id="fl-1d">
         <path>.\GrLib\grlib\</path>
         <kind>object</kind>
         <file>rectangle.obj</file>
         <name>rectangle.obj</name>
      </input_file>
      <input_file id="fl-1e">
         <path>.\GrLib\grlib\</path>
         <kind>object</kind>
         <file>string.obj</file>
         <name>string.obj</name>
      </input_file>
      <input_file id="fl-1f">
         <path>.\LcdDriver\</path>
         <kind>object</kind>
         <file>lcd_driver.obj</file>
         <name>lcd_driver.obj</name>
      </input_file>
      <input_file id="fl-20">
         <path>.\LcdDriver\</path>
         <kind>object</kind>
         <file>lower_driver.obj</file>
         <name>lower_driver.obj</name>
      </input_file>
      <input_file id="fl-27">
         <kind>object</kind>
         <file>&lt;internal&gt;</file>
         <name>&lt;internal&gt;</name>
      </input_file>
      <input_file id="fl-47">
         <path>C:\ti\ccs1281\ccs\tools\compiler\ti-cgt-msp430_21.6.1.LTS\lib\</path>
         <kind>archive</kind>
         <file>rts430x_lc_rd_eabi.lib</file>
         <name>copy_decompress_lzss.c.obj</name>
      </input_file>
      <input_file id="fl-48">
         <path>C:\ti\ccs1281\ccs\tools\compiler\ti-cgt-msp430_21.6.1.LTS\lib\</path>
         <kind>archive</kind>
         <file>rts430x_lc_rd_eabi.lib</file>
         <name>copy_decompress_none.c.obj</name>
      </input_file>
      <input_file id="fl-49">
         <path>C:\ti\ccs1281\ccs\tools\compiler\ti-cgt-msp430_21.6.1.LTS\lib\</path>
         <kind>archive</kind>
         <file>rts430x_lc_rd_eabi.lib</file>
         <name>int27.asm.obj</name>
      </input_file>
      <input_file id="fl-4a">
         <path>C:\ti\ccs1281\ccs\tools\compiler\ti-cgt-msp430_21.6.1.LTS\lib\</path>
         <kind>archive</kind>
         <file>rts430x_lc_rd_eabi.lib</file>
         <name>isr_trap.asm.obj</name>
      </input_file>
      <input_file id="fl-4b">
         <path>C:\ti\ccs1281\ccs\tools\compiler\ti-cgt-msp430_21.6.1.LTS\lib\</path>
         <kind>archive</kind>
         <file>rts430x_lc_rd_eabi.lib</file>
         <name>int28.asm.obj</name>
      </input_file>
      <input_file id="fl-4c">
         <path>C:\ti\ccs1281\ccs\tools\compiler\ti-cgt-msp430_21.6.1.LTS\lib\</path>
         <kind>archive</kind>
         <file>rts430x_lc_rd_eabi.lib</file>
         <name>int29.asm.obj</name>
      </input_file>
      <input_file id="fl-4d">
         <path>C:\ti\ccs1281\ccs\tools\compiler\ti-cgt-msp430_21.6.1.LTS\lib\</path>
         <kind>archive</kind>
         <file>rts430x_lc_rd_eabi.lib</file>
         <name>int30.asm.obj</name>
      </input_file>
      <input_file id="fl-4e">
         <path>C:\ti\ccs1281\ccs\tools\compiler\ti-cgt-msp430_21.6.1.LTS\lib\</path>
         <kind>archive</kind>
         <file>rts430x_lc_rd_eabi.lib</file>
         <name>int31.asm.obj</name>
      </input_file>
      <input_file id="fl-4f">
         <path>C:\ti\ccs1281\ccs\tools\compiler\ti-cgt-msp430_21.6.1.LTS\lib\</path>
         <kind>archive</kind>
         <file>rts430x_lc_rd_eabi.lib</file>
         <name>int32.asm.obj</name>
      </input_file>
      <input_file id="fl-50">
         <path>C:\ti\ccs1281\ccs\tools\compiler\ti-cgt-msp430_21.6.1.LTS\lib\</path>
         <kind>archive</kind>
         <file>rts430x_lc_rd_eabi.lib</file>
         <name>int33.asm.obj</name>
      </input_file>
      <input_file id="fl-51">
         <path>C:\ti\ccs1281\ccs\tools\compiler\ti-cgt-msp430_21.6.1.LTS\lib\</path>
         <kind>archive</kind>
         <file>rts430x_lc_rd_eabi.lib</file>
         <name>int34.asm.obj</name>
      </input_file>
      <input_file id="fl-52">
         <path>C:\ti\ccs1281\ccs\tools\compiler\ti-cgt-msp430_21.6.1.LTS\lib\</path>
         <kind>archive</kind>
         <file>rts430x_lc_rd_eabi.lib</file>
         <name>int35.asm.obj</name>
      </input_file>
      <input_file id="fl-53">
         <path>C:\ti\ccs1281\ccs\tools\compiler\ti-cgt-msp430_21.6.1.LTS\lib\</path>
         <kind>archive</kind>
         <file>rts430x_lc_rd_eabi.lib</file>
         <name>int36.asm.obj</name>
      </input_file>
      <input_file id="fl-54">
         <path>C:\ti\ccs1281\ccs\tools\compiler\ti-cgt-msp430_21.6.1.LTS\lib\</path>
         <kind>archive</kind>
         <file>rts430x_lc_rd_eabi.lib</file>
         <name>int37.asm.obj</name>
      </input_file>
      <input_file id="fl-55">
         <path>C:\ti\ccs1281\ccs\tools\compiler\ti-cgt-msp430_21.6.1.LTS\lib\</path>
         <kind>archive</kind>
         <file>rts430x_lc_rd_eabi.lib</file>
         <name>int38.asm.obj</name>
      </input_file>
      <input_file id="fl-56">
         <path>C:\ti\ccs1281\ccs\tools\compiler\ti-cgt-msp430_21.6.1.LTS\lib\</path>
         <kind>archive</kind>
         <file>rts430x_lc_rd_eabi.lib</file>
         <name>int39.asm.obj</name>
      </input_file>
      <input_file id="fl-57">
         <path>C:\ti\ccs1281\ccs\tools\compiler\ti-cgt-msp430_21.6.1.LTS\lib\</path>
         <kind>archive</kind>
         <file>rts430x_lc_rd_eabi.lib</file>
         <name>int40.asm.obj</name>
      </input_file>
      <input_file id="fl-58">
         <path>C:\ti\ccs1281\ccs\tools\compiler\ti-cgt-msp430_21.6.1.LTS\lib\</path>
         <kind>archive</kind>
         <file>rts430x_lc_rd_eabi.lib</file>
         <name>int41.asm.obj</name>
      </input_file>
      <input_file id="fl-59">
         <path>C:\ti\ccs1281\ccs\tools\compiler\ti-cgt-msp430_21.6.1.LTS\lib\</path>
         <kind>archive</kind>
         <file>rts430x_lc_rd_eabi.lib</file>
         <name>int42.asm.obj</name>
      </input_file>
      <input_file id="fl-5a">
         <path>C:\ti\ccs1281\ccs\tools\compiler\ti-cgt-msp430_21.6.1.LTS\lib\</path>
         <kind>archive</kind>
         <file>rts430x_lc_rd_eabi.lib</file>
         <name>int43.asm.obj</name>
      </input_file>
      <input_file id="fl-5b">
         <path>C:\ti\ccs1281\ccs\tools\compiler\ti-cgt-msp430_21.6.1.LTS\lib\</path>
         <kind>archive</kind>
         <file>rts430x_lc_rd_eabi.lib</file>
         <name>int44.asm.obj</name>
      </input_file>
      <input_file id="fl-5c">
         <path>C:\ti\ccs1281\ccs\tools\compiler\ti-cgt-msp430_21.6.1.LTS\lib\</path>
         <kind>archive</kind>
         <file>rts430x_lc_rd_eabi.lib</file>
         <name>int45.asm.obj</name>
      </input_file>
      <input_file id="fl-5d">
         <path>C:\ti\ccs1281\ccs\tools\compiler\ti-cgt-msp430_21.6.1.LTS\lib\</path>
         <kind>archive</kind>
         <file>rts430x_lc_rd_eabi.lib</file>
         <name>int46.asm.obj</name>
      </input_file>
      <input_file id="fl-5e">
         <path>C:\ti\ccs1281\ccs\tools\compiler\ti-cgt-msp430_21.6.1.LTS\lib\</path>
         <kind>archive</kind>
         <file>rts430x_lc_rd_eabi.lib</file>
         <name>int47.asm.obj</name>
      </input_file>
      <input_file id="fl-5f">
         <path>C:\ti\ccs1281\ccs\tools\compiler\ti-cgt-msp430_21.6.1.LTS\lib\</path>
         <kind>archive</kind>
         <file>rts430x_lc_rd_eabi.lib</file>
         <name>int48.asm.obj</name>
      </input_file>
      <input_file id="fl-60">
         <path>C:\ti\ccs1281\ccs\tools\compiler\ti-cgt-msp430_21.6.1.LTS\lib\</path>
         <kind>archive</kind>
         <file>rts430x_lc_rd_eabi.lib</file>
         <name>int49.asm.obj</name>
      </input_file>
      <input_file id="fl-61">
         <path>C:\ti\ccs1281\ccs\tools\compiler\ti-cgt-msp430_21.6.1.LTS\lib\</path>
         <kind>archive</kind>
         <file>rts430x_lc_rd_eabi.lib</file>
         <name>int50.asm.obj</name>
      </input_file>
      <input_file id="fl-62">
         <path>C:\ti\ccs1281\ccs\tools\compiler\ti-cgt-msp430_21.6.1.LTS\lib\</path>
         <kind>archive</kind>
         <file>rts430x_lc_rd_eabi.lib</file>
         <name>int51.asm.obj</name>
      </input_file>
      <input_file id="fl-63">
         <path>C:\ti\ccs1281\ccs\tools\compiler\ti-cgt-msp430_21.6.1.LTS\lib\</path>
         <kind>archive</kind>
         <file>rts430x_lc_rd_eabi.lib</file>
         <name>int52.asm.obj</name>
      </input_file>
      <input_file id="fl-64">
         <path>C:\ti\ccs1281\ccs\tools\compiler\ti-cgt-msp430_21.6.1.LTS\lib\</path>
         <kind>archive</kind>
         <file>rts430x_lc_rd_eabi.lib</file>
         <name>int53.asm.obj</name>
      </input_file>
      <input_file id="fl-65">
         <path>C:\ti\ccs1281\ccs\tools\compiler\ti-cgt-msp430_21.6.1.LTS\lib\</path>
         <kind>archive</kind>
         <file>rts430x_lc_rd_eabi.lib</file>
         <name>int54.asm.obj</name>
      </input_file>
      <input_file id="fl-66">
         <path>C:\ti\ccs1281\ccs\tools\compiler\ti-cgt-msp430_21.6.1.LTS\lib\</path>
         <kind>archive</kind>
         <file>rts430x_lc_rd_eabi.lib</file>
         <name>copy_zero_init.c.obj</name>
      </input_file>
      <input_file id="fl-67">
         <path>C:\ti\ccs1281\ccs\tools\compiler\ti-cgt-msp430_21.6.1.LTS\lib\</path>
         <kind>archive</kind>
         <file>rts430x_lc_rd_eabi.lib</file>
         <name>div16s.asm.obj</name>
      </input_file>
      <input_file id="fl-68">
         <path>C:\ti\ccs1281\ccs\tools\compiler\ti-cgt-msp430_21.6.1.LTS\lib\</path>
         <kind>archive</kind>
         <file>rts430x_lc_rd_eabi.lib</file>
         <name>div32s.asm.obj</name>
      </input_file>
      <input_file id="fl-69">
         <path>C:\ti\ccs1281\ccs\tools\compiler\ti-cgt-msp430_21.6.1.LTS\lib\</path>
         <kind>archive</kind>
         <file>rts430x_lc_rd_eabi.lib</file>
         <name>div16u.asm.obj</name>
      </input_file>
      <input_file id="fl-6a">
         <path>C:\ti\ccs1281\ccs\tools\compiler\ti-cgt-msp430_21.6.1.LTS\lib\</path>
         <kind>archive</kind>
         <file>rts430x_lc_rd_eabi.lib</file>
         <name>div32u.asm.obj</name>
      </input_file>
      <input_file id="fl-6b">
         <path>C:\ti\ccs1281\ccs\tools\compiler\ti-cgt-msp430_21.6.1.LTS\lib\</path>
         <kind>archive</kind>
         <file>rts430x_lc_rd_eabi.lib</file>
         <name>mult16.asm.obj</name>
      </input_file>
      <input_file id="fl-6c">
         <path>C:\ti\ccs1281\ccs\tools\compiler\ti-cgt-msp430_21.6.1.LTS\lib\</path>
         <kind>archive</kind>
         <file>rts430x_lc_rd_eabi.lib</file>
         <name>mult16_f5hw.asm.obj</name>
      </input_file>
      <input_file id="fl-6d">
         <path>C:\ti\ccs1281\ccs\tools\compiler\ti-cgt-msp430_21.6.1.LTS\lib\</path>
         <kind>archive</kind>
         <file>rts430x_lc_rd_eabi.lib</file>
         <name>mult32.asm.obj</name>
      </input_file>
      <input_file id="fl-6e">
         <path>C:\ti\ccs1281\ccs\tools\compiler\ti-cgt-msp430_21.6.1.LTS\lib\</path>
         <kind>archive</kind>
         <file>rts430x_lc_rd_eabi.lib</file>
         <name>mult32_f5hw.asm.obj</name>
      </input_file>
      <input_file id="fl-6f">
         <path>C:\ti\ccs1281\ccs\tools\compiler\ti-cgt-msp430_21.6.1.LTS\lib\</path>
         <kind>archive</kind>
         <file>rts430x_lc_rd_eabi.lib</file>
         <name>mult64_f5hw.asm.obj</name>
      </input_file>
      <input_file id="fl-70">
         <path>C:\ti\ccs1281\ccs\tools\compiler\ti-cgt-msp430_21.6.1.LTS\lib\</path>
         <kind>archive</kind>
         <file>rts430x_lc_rd_eabi.lib</file>
         <name>mult1632_f5hw.asm.obj</name>
      </input_file>
      <input_file id="fl-71">
         <path>C:\ti\ccs1281\ccs\tools\compiler\ti-cgt-msp430_21.6.1.LTS\lib\</path>
         <kind>archive</kind>
         <file>rts430x_lc_rd_eabi.lib</file>
         <name>mult3264_f5hw.asm.obj</name>
      </input_file>
      <input_file id="fl-72">
         <path>C:\ti\ccs1281\ccs\tools\compiler\ti-cgt-msp430_21.6.1.LTS\lib\</path>
         <kind>archive</kind>
         <file>rts430x_lc_rd_eabi.lib</file>
         <name>lsl16.asm.obj</name>
      </input_file>
      <input_file id="fl-73">
         <path>C:\ti\ccs1281\ccs\tools\compiler\ti-cgt-msp430_21.6.1.LTS\lib\</path>
         <kind>archive</kind>
         <file>rts430x_lc_rd_eabi.lib</file>
         <name>lsr16.asm.obj</name>
      </input_file>
      <input_file id="fl-74">
         <path>C:\ti\ccs1281\ccs\tools\compiler\ti-cgt-msp430_21.6.1.LTS\lib\</path>
         <kind>archive</kind>
         <file>rts430x_lc_rd_eabi.lib</file>
         <name>lsr32.asm.obj</name>
      </input_file>
      <input_file id="fl-75">
         <path>C:\ti\ccs1281\ccs\tools\compiler\ti-cgt-msp430_21.6.1.LTS\lib\</path>
         <kind>archive</kind>
         <file>rts430x_lc_rd_eabi.lib</file>
         <name>boot.c.obj</name>
      </input_file>
      <input_file id="fl-76">
         <path>C:\ti\ccs1281\ccs\ccs_base\msp430\lib\FR59xx\</path>
         <kind>archive</kind>
         <file>MSPMPU_INIT_LIB_CCS_msp430_large_code_restricted_data.lib</file>
         <name>mpu_init.o</name>
      </input_file>
      <input_file id="fl-77">
         <path>C:\ti\ccs1281\ccs\tools\compiler\ti-cgt-msp430_21.6.1.LTS\lib\</path>
         <kind>archive</kind>
         <file>rts430x_lc_rd_eabi.lib</file>
         <name>args_main.c.obj</name>
      </input_file>
      <input_file id="fl-78">
         <path>C:\ti\ccs1281\ccs\tools\compiler\ti-cgt-msp430_21.6.1.LTS\lib\</path>
         <kind>archive</kind>
         <file>rts430x_lc_rd_eabi.lib</file>
         <name>autoinit.c.obj</name>
      </input_file>
      <input_file id="fl-79">
         <path>C:\ti\ccs1281\ccs\tools\compiler\ti-cgt-msp430_21.6.1.LTS\lib\</path>
         <kind>archive</kind>
         <file>rts430x_lc_rd_eabi.lib</file>
         <name>startup.c.obj</name>
      </input_file>
      <input_file id="fl-7a">
         <path>C:\ti\ccs1281\ccs\tools\compiler\ti-cgt-msp430_21.6.1.LTS\lib\</path>
         <kind>archive</kind>
         <file>rts430x_lc_rd_eabi.lib</file>
         <name>pre_init.c.obj</name>
      </input_file>
      <input_file id="fl-7b">
         <path>C:\ti\ccs1281\ccs\tools\compiler\ti-cgt-msp430_21.6.1.LTS\lib\</path>
         <kind>archive</kind>
         <file>rts430x_lc_rd_eabi.lib</file>
         <name>cpy_tbl.c.obj</name>
      </input_file>
      <input_file id="fl-7c">
         <path>C:\ti\ccs1281\ccs\tools\compiler\ti-cgt-msp430_21.6.1.LTS\lib\</path>
         <kind>archive</kind>
         <file>rts430x_lc_rd_eabi.lib</file>
         <name>exit.c.obj</name>
      </input_file>
      <input_file id="fl-7d">
         <path>C:\ti\ccs1281\ccs\tools\compiler\ti-cgt-msp430_21.6.1.LTS\lib\</path>
         <kind>archive</kind>
         <file>rts430x_lc_rd_eabi.lib</file>
         <name>exit_gvars.c.obj</name>
      </input_file>
      <input_file id="fl-7e">
         <path>C:\ti\ccs1281\ccs\tools\compiler\ti-cgt-msp430_21.6.1.LTS\lib\</path>
         <kind>archive</kind>
         <file>rts430x_lc_rd_eabi.lib</file>
         <name>_lock.c.obj</name>
      </input_file>
      <input_file id="fl-7f">
         <path>C:\ti\ccs1281\ccs\tools\compiler\ti-cgt-msp430_21.6.1.LTS\lib\</path>
         <kind>archive</kind>
         <file>rts430x_lc_rd_eabi.lib</file>
         <name>memcpy.c.obj</name>
      </input_file>
      <input_file id="fl-80">
         <path>C:\ti\ccs1281\ccs\tools\compiler\ti-cgt-msp430_21.6.1.LTS\lib\</path>
         <kind>archive</kind>
         <file>rts430x_lc_rd_eabi.lib</file>
         <name>rand.c.obj</name>
      </input_file>
      <input_file id="fl-81">
         <path>C:\ti\ccs1281\ccs\tools\compiler\ti-cgt-msp430_21.6.1.LTS\lib\</path>
         <kind>archive</kind>
         <file>rts430x_lc_rd_eabi.lib</file>
         <name>snprintf.c.obj</name>
      </input_file>
      <input_file id="fl-82">
         <path>C:\ti\ccs1281\ccs\tools\compiler\ti-cgt-msp430_21.6.1.LTS\lib\</path>
         <kind>archive</kind>
         <file>rts430x_lc_rd_eabi.lib</file>
         <name>_printfi.c.obj</name>
      </input_file>
      <input_file id="fl-83">
         <path>C:\ti\ccs1281\ccs\tools\compiler\ti-cgt-msp430_21.6.1.LTS\lib\</path>
         <kind>archive</kind>
         <file>rts430x_lc_rd_eabi.lib</file>
         <name>_ltoa.c.obj</name>
      </input_file>
      <input_file id="fl-84">
         <path>C:\ti\ccs1281\ccs\tools\compiler\ti-cgt-msp430_21.6.1.LTS\lib\</path>
         <kind>archive</kind>
         <file>rts430x_lc_rd_eabi.lib</file>
         <name>cmpd.c.obj</name>
      </input_file>
      <input_file id="fl-85">
         <path>C:\ti\ccs1281\ccs\tools\compiler\ti-cgt-msp430_21.6.1.LTS\lib\</path>
         <kind>archive</kind>
         <file>rts430x_lc_rd_eabi.lib</file>
         <name>divd.c.obj</name>
      </input_file>
      <input_file id="fl-86">
         <path>C:\ti\ccs1281\ccs\tools\compiler\ti-cgt-msp430_21.6.1.LTS\lib\</path>
         <kind>archive</kind>
         <file>rts430x_lc_rd_eabi.lib</file>
         <name>frcdivd.c.obj</name>
      </input_file>
      <input_file id="fl-87">
         <path>C:\ti\ccs1281\ccs\tools\compiler\ti-cgt-msp430_21.6.1.LTS\lib\</path>
         <kind>archive</kind>
         <file>rts430x_lc_rd_eabi.lib</file>
         <name>div64u.c.obj</name>
      </input_file>
      <input_file id="fl-88">
         <path>C:\ti\ccs1281\ccs\tools\compiler\ti-cgt-msp430_21.6.1.LTS\lib\</path>
         <kind>archive</kind>
         <file>rts430x_lc_rd_eabi.lib</file>
         <name>fixdi.c.obj</name>
      </input_file>
      <input_file id="fl-89">
         <path>C:\ti\ccs1281\ccs\tools\compiler\ti-cgt-msp430_21.6.1.LTS\lib\</path>
         <kind>archive</kind>
         <file>rts430x_lc_rd_eabi.lib</file>
         <name>fixdli.c.obj</name>
      </input_file>
      <input_file id="fl-8a">
         <path>C:\ti\ccs1281\ccs\tools\compiler\ti-cgt-msp430_21.6.1.LTS\lib\</path>
         <kind>archive</kind>
         <file>rts430x_lc_rd_eabi.lib</file>
         <name>fltid.c.obj</name>
      </input_file>
      <input_file id="fl-8b">
         <path>C:\ti\ccs1281\ccs\tools\compiler\ti-cgt-msp430_21.6.1.LTS\lib\</path>
         <kind>archive</kind>
         <file>rts430x_lc_rd_eabi.lib</file>
         <name>fltlid.c.obj</name>
      </input_file>
      <input_file id="fl-8c">
         <path>C:\ti\ccs1281\ccs\tools\compiler\ti-cgt-msp430_21.6.1.LTS\lib\</path>
         <kind>archive</kind>
         <file>rts430x_lc_rd_eabi.lib</file>
         <name>mpyd.c.obj</name>
      </input_file>
      <input_file id="fl-8d">
         <path>C:\ti\ccs1281\ccs\tools\compiler\ti-cgt-msp430_21.6.1.LTS\lib\</path>
         <kind>archive</kind>
         <file>rts430x_lc_rd_eabi.lib</file>
         <name>frcmpyd.c.obj</name>
      </input_file>
      <input_file id="fl-8e">
         <path>C:\ti\ccs1281\ccs\tools\compiler\ti-cgt-msp430_21.6.1.LTS\lib\</path>
         <kind>archive</kind>
         <file>rts430x_lc_rd_eabi.lib</file>
         <name>mult64.asm.obj</name>
      </input_file>
      <input_file id="fl-8f">
         <path>C:\ti\ccs1281\ccs\tools\compiler\ti-cgt-msp430_21.6.1.LTS\lib\</path>
         <kind>archive</kind>
         <file>rts430x_lc_rd_eabi.lib</file>
         <name>mult1632.asm.obj</name>
      </input_file>
      <input_file id="fl-90">
         <path>C:\ti\ccs1281\ccs\tools\compiler\ti-cgt-msp430_21.6.1.LTS\lib\</path>
         <kind>archive</kind>
         <file>rts430x_lc_rd_eabi.lib</file>
         <name>mult3264.asm.obj</name>
      </input_file>
      <input_file id="fl-91">
         <path>C:\ti\ccs1281\ccs\tools\compiler\ti-cgt-msp430_21.6.1.LTS\lib\</path>
         <kind>archive</kind>
         <file>rts430x_lc_rd_eabi.lib</file>
         <name>negd.c.obj</name>
      </input_file>
      <input_file id="fl-92">
         <path>C:\ti\ccs1281\ccs\tools\compiler\ti-cgt-msp430_21.6.1.LTS\lib\</path>
         <kind>archive</kind>
         <file>rts430x_lc_rd_eabi.lib</file>
         <name>lsl32.asm.obj</name>
      </input_file>
      <input_file id="fl-93">
         <path>C:\ti\ccs1281\ccs\tools\compiler\ti-cgt-msp430_21.6.1.LTS\lib\</path>
         <kind>archive</kind>
         <file>rts430x_lc_rd_eabi.lib</file>
         <name>lsl64.c.obj</name>
      </input_file>
      <input_file id="fl-94">
         <path>C:\ti\ccs1281\ccs\tools\compiler\ti-cgt-msp430_21.6.1.LTS\lib\</path>
         <kind>archive</kind>
         <file>rts430x_lc_rd_eabi.lib</file>
         <name>asr32.asm.obj</name>
      </input_file>
      <input_file id="fl-95">
         <path>C:\ti\ccs1281\ccs\tools\compiler\ti-cgt-msp430_21.6.1.LTS\lib\</path>
         <kind>archive</kind>
         <file>rts430x_lc_rd_eabi.lib</file>
         <name>lsr64.c.obj</name>
      </input_file>
      <input_file id="fl-96">
         <path>C:\ti\ccs1281\ccs\tools\compiler\ti-cgt-msp430_21.6.1.LTS\lib\</path>
         <kind>archive</kind>
         <file>rts430x_lc_rd_eabi.lib</file>
         <name>subd.c.obj</name>
      </input_file>
      <input_file id="fl-97">
         <path>C:\ti\ccs1281\ccs\tools\compiler\ti-cgt-msp430_21.6.1.LTS\lib\</path>
         <kind>archive</kind>
         <file>rts430x_lc_rd_eabi.lib</file>
         <name>addd.c.obj</name>
      </input_file>
      <input_file id="fl-98">
         <path>C:\ti\ccs1281\ccs\tools\compiler\ti-cgt-msp430_21.6.1.LTS\lib\</path>
         <kind>archive</kind>
         <file>rts430x_lc_rd_eabi.lib</file>
         <name>asr64.c.obj</name>
      </input_file>
      <input_file id="fl-99">
         <path>C:\ti\ccs1281\ccs\tools\compiler\ti-cgt-msp430_21.6.1.LTS\lib\</path>
         <kind>archive</kind>
         <file>rts430x_lc_rd_eabi.lib</file>
         <name>abs.c.obj</name>
      </input_file>
      <input_file id="fl-9a">
         <path>C:\ti\ccs1281\ccs\tools\compiler\ti-cgt-msp430_21.6.1.LTS\lib\</path>
         <kind>archive</kind>
         <file>rts430x_lc_rd_eabi.lib</file>
         <name>atoi.c.obj</name>
      </input_file>
      <input_file id="fl-9b">
         <path>C:\ti\ccs1281\ccs\tools\compiler\ti-cgt-msp430_21.6.1.LTS\lib\</path>
         <kind>archive</kind>
         <file>rts430x_lc_rd_eabi.lib</file>
         <name>ctype.c.obj</name>
      </input_file>
      <input_file id="fl-9c">
         <path>C:\ti\ccs1281\ccs\tools\compiler\ti-cgt-msp430_21.6.1.LTS\lib\</path>
         <kind>archive</kind>
         <file>rts430x_lc_rd_eabi.lib</file>
         <name>errno.c.obj</name>
      </input_file>
      <input_file id="fl-9d">
         <path>C:\ti\ccs1281\ccs\tools\compiler\ti-cgt-msp430_21.6.1.LTS\lib\</path>
         <kind>archive</kind>
         <file>rts430x_lc_rd_eabi.lib</file>
         <name>s_frexp.c.obj</name>
      </input_file>
      <input_file id="fl-9e">
         <path>C:\ti\ccs1281\ccs\tools\compiler\ti-cgt-msp430_21.6.1.LTS\lib\</path>
         <kind>archive</kind>
         <file>rts430x_lc_rd_eabi.lib</file>
         <name>s_scalbn.c.obj</name>
      </input_file>
      <input_file id="fl-9f">
         <path>C:\ti\ccs1281\ccs\tools\compiler\ti-cgt-msp430_21.6.1.LTS\lib\</path>
         <kind>archive</kind>
         <file>rts430x_lc_rd_eabi.lib</file>
         <name>s_copysign.c.obj</name>
      </input_file>
      <input_file id="fl-a0">
         <path>C:\ti\ccs1281\ccs\tools\compiler\ti-cgt-msp430_21.6.1.LTS\lib\</path>
         <kind>archive</kind>
         <file>rts430x_lc_rd_eabi.lib</file>
         <name>memccpy.c.obj</name>
      </input_file>
      <input_file id="fl-a1">
         <path>C:\ti\ccs1281\ccs\tools\compiler\ti-cgt-msp430_21.6.1.LTS\lib\</path>
         <kind>archive</kind>
         <file>rts430x_lc_rd_eabi.lib</file>
         <name>memset.c.obj</name>
      </input_file>
      <input_file id="fl-a2">
         <path>C:\ti\ccs1281\ccs\tools\compiler\ti-cgt-msp430_21.6.1.LTS\lib\</path>
         <kind>archive</kind>
         <file>rts430x_lc_rd_eabi.lib</file>
         <name>strchr.c.obj</name>
      </input_file>
      <input_file id="fl-a3">
         <path>C:\ti\ccs1281\ccs\tools\compiler\ti-cgt-msp430_21.6.1.LTS\lib\</path>
         <kind>archive</kind>
         <file>rts430x_lc_rd_eabi.lib</file>
         <name>strlen.c.obj</name>
      </input_file>
      <input_file id="fl-a4">
         <path>C:\ti\ccs1281\ccs\tools\compiler\ti-cgt-msp430_21.6.1.LTS\lib\</path>
         <kind>archive</kind>
         <file>rts430x_lc_rd_eabi.lib</file>
         <name>toupper.c.obj</name>
      </input_file>
      <input_file id="fl-a5">
         <path>C:\ti\ccs1281\ccs\tools\compiler\ti-cgt-msp430_21.6.1.LTS\lib\</path>
         <kind>archive</kind>
         <file>rts430x_lc_rd_eabi.lib</file>
         <name>wcslen.c.obj</name>
      </input_file>
   </input_file_list>
   <object_component_list>
      <object_component id="oc-a96">
         <name>.cinit..data.load</name>
         <load_address>0x6a1c</load_address>
         <run_address>0x6a1c</run_address>
         <size>0xf</size>
      </object_component>
      <object_component id="oc-a93">
         <name>__TI_handler_table</name>
         <load_address>0x6a2c</load_address>
         <run_address>0x6a2c</run_address>
         <size>0xc</size>
      </object_component>
      <object_component id="oc-a95">
         <name>.cinit..bss.load</name>
         <load_address>0x6a38</load_address>
         <run_address>0x6a38</run_address>
         <size>0x6</size>
      </object_component>
      <object_component id="oc-a94">
         <name>__TI_cinit_table</name>
         <load_address>0x6a3e</load_address>
         <run_address>0x6a3e</run_address>
         <size>0x10</size>
      </object_component>
      <object_component id="oc-a23">
         <name>.binit</name>
         <load_address>0x4400</load_address>
         <run_address>0x4400</run_address>
         <size>0x0</size>
      </object_component>
      <object_component id="oc-8e8">
         <name>.const:.string:pixel_logo4BPP_UNCOMP</name>
         <load_address>0x4428</load_address>
         <run_address>0x4428</run_address>
         <size>0x2000</size>
         <input_file_ref idref="fl-2"/>
      </object_component>
      <object_component id="oc-8bf">
         <name>.const:.string:g_pucFontFixed6x8Data</name>
         <load_address>0x6428</load_address>
         <run_address>0x6428</run_address>
         <size>0x2f8</size>
         <input_file_ref idref="fl-13"/>
      </object_component>
      <object_component id="oc-7bb">
         <name>.const:.string</name>
         <load_address>0x6720</load_address>
         <run_address>0x6720</run_address>
         <size>0x152</size>
         <input_file_ref idref="fl-4"/>
      </object_component>
      <object_component id="oc-79e">
         <name>.const:g_sFontFixed6x8</name>
         <load_address>0x6872</load_address>
         <run_address>0x6872</run_address>
         <size>0xc8</size>
         <input_file_ref idref="fl-13"/>
      </object_component>
      <object_component id="oc-8e5">
         <name>.const:palette_logo4BPP_UNCOMP</name>
         <load_address>0x693a</load_address>
         <run_address>0x693a</run_address>
         <size>0x40</size>
         <input_file_ref idref="fl-2"/>
      </object_component>
      <object_component id="oc-789">
         <name>.const:g_sCrystalfontz128x128</name>
         <load_address>0x697a</load_address>
         <run_address>0x697a</run_address>
         <size>0x2c</size>
         <input_file_ref idref="fl-1f"/>
      </object_component>
      <object_component id="oc-7d8">
         <name>.const:g_notes</name>
         <load_address>0x69a6</load_address>
         <run_address>0x69a6</run_address>
         <size>0x2a</size>
         <input_file_ref idref="fl-4"/>
      </object_component>
      <object_component id="oc-9f0">
         <name>.const:.string</name>
         <load_address>0x69d0</load_address>
         <run_address>0x69d0</run_address>
         <size>0x26</size>
         <input_file_ref idref="fl-82"/>
      </object_component>
      <object_component id="oc-7c2">
         <name>.const:UCF_Logo</name>
         <load_address>0x69f6</load_address>
         <run_address>0x69f6</run_address>
         <size>0x10</size>
         <input_file_ref idref="fl-2"/>
      </object_component>
      <object_component id="oc-7cc">
         <name>.const:.string:seq$1</name>
         <load_address>0x6a06</load_address>
         <run_address>0x6a06</run_address>
         <size>0xd</size>
         <input_file_ref idref="fl-4"/>
      </object_component>
      <object_component id="oc-973">
         <name>.const:$P$T0$1</name>
         <load_address>0x6a14</load_address>
         <run_address>0x6a14</run_address>
         <size>0x8</size>
         <input_file_ref idref="fl-1f"/>
      </object_component>
      <object_component id="oc-658">
         <name>.text:_isr:_c_int00_noargs_mpu</name>
         <load_address>0x4400</load_address>
         <run_address>0x4400</run_address>
         <size>0x20</size>
         <input_file_ref idref="fl-75"/>
      </object_component>
      <object_component id="oc-629">
         <name>.text:_isr:__TI_ISR_TRAP</name>
         <load_address>0x4420</load_address>
         <run_address>0x4420</run_address>
         <size>0x8</size>
         <input_file_ref idref="fl-4a"/>
      </object_component>
      <object_component id="oc-8dd">
         <name>.text:Graphics_drawString</name>
         <load_address>0x10000</load_address>
         <run_address>0x10000</run_address>
         <size>0x808</size>
         <input_file_ref idref="fl-1e"/>
      </object_component>
      <object_component id="oc-7c5">
         <name>.text:Graphics_drawImage</name>
         <load_address>0x10808</load_address>
         <run_address>0x10808</run_address>
         <size>0x216</size>
         <input_file_ref idref="fl-19"/>
      </object_component>
      <object_component id="oc-73f">
         <name>.text:run_quiz</name>
         <load_address>0x10a1e</load_address>
         <run_address>0x10a1e</run_address>
         <size>0x1dc</size>
         <input_file_ref idref="fl-4"/>
      </object_component>
      <object_component id="oc-819">
         <name>.text:draw_feedback_screen</name>
         <load_address>0x10bfa</load_address>
         <run_address>0x10bfa</run_address>
         <size>0x186</size>
         <input_file_ref idref="fl-4"/>
      </object_component>
      <object_component id="oc-889">
         <name>.text:Crystalfontz128x128_PixelDrawMultiple</name>
         <load_address>0x10d80</load_address>
         <run_address>0x10d80</run_address>
         <size>0x13c</size>
         <input_file_ref idref="fl-1f"/>
      </object_component>
      <object_component id="oc-9ba">
         <name>.text:__TI_printfi_minimal:_setfield___TI_printfi_minimal</name>
         <load_address>0x10ebc</load_address>
         <run_address>0x10ebc</run_address>
         <size>0x132</size>
         <input_file_ref idref="fl-82"/>
      </object_component>
      <object_component id="oc-77a">
         <name>.text:Crystalfontz128x128_Init</name>
         <load_address>0x10fee</load_address>
         <run_address>0x10fee</run_address>
         <size>0x118</size>
         <input_file_ref idref="fl-1f"/>
      </object_component>
      <object_component id="oc-7e9">
         <name>.text:draw_selection_screen</name>
         <load_address>0x11106</load_address>
         <run_address>0x11106</run_address>
         <size>0xf0</size>
         <input_file_ref idref="fl-4"/>
      </object_component>
      <object_component id="oc-81f">
         <name>.text:draw_final_screen</name>
         <load_address>0x111f6</load_address>
         <run_address>0x111f6</run_address>
         <size>0xe8</size>
         <input_file_ref idref="fl-4"/>
      </object_component>
      <object_component id="oc-72d">
         <name>.text:draw_title_screen</name>
         <load_address>0x112de</load_address>
         <run_address>0x112de</run_address>
         <size>0xde</size>
         <input_file_ref idref="fl-4"/>
      </object_component>
      <object_component id="oc-994">
         <name>.text:Graphics_drawLineH</name>
         <load_address>0x113bc</load_address>
         <run_address>0x113bc</run_address>
         <size>0xdc</size>
         <input_file_ref idref="fl-1b"/>
      </object_component>
      <object_component id="oc-93b">
         <name>.text:__TI_printfi_minimal:__TI_printfi_minimal</name>
         <load_address>0x11498</load_address>
         <run_address>0x11498</run_address>
         <size>0xdc</size>
         <input_file_ref idref="fl-82"/>
      </object_component>
      <object_component id="oc-9f1">
         <name>.text:__TI_printfi_minimal:_pproc_diouxp___TI_printfi_minimal</name>
         <load_address>0x11574</load_address>
         <run_address>0x11574</run_address>
         <size>0xda</size>
         <input_file_ref idref="fl-82"/>
      </object_component>
      <object_component id="oc-801">
         <name>.text:draw_question_header</name>
         <load_address>0x1164e</load_address>
         <run_address>0x1164e</run_address>
         <size>0xd6</size>
         <input_file_ref idref="fl-4"/>
      </object_component>
      <object_component id="oc-8d2">
         <name>.text:Graphics_getStringWidth</name>
         <load_address>0x11724</load_address>
         <run_address>0x11724</run_address>
         <size>0xc2</size>
         <input_file_ref idref="fl-1e"/>
      </object_component>
      <object_component id="oc-86e">
         <name>.text:Crystalfontz128x128_SetDrawFrame</name>
         <load_address>0x117e6</load_address>
         <run_address>0x117e6</run_address>
         <size>0xa8</size>
         <input_file_ref idref="fl-1f"/>
      </object_component>
      <object_component id="oc-80d">
         <name>.text:wait_for_updown_choice</name>
         <load_address>0x1188e</load_address>
         <run_address>0x1188e</run_address>
         <size>0x94</size>
         <input_file_ref idref="fl-4"/>
      </object_component>
      <object_component id="oc-7bc">
         <name>.text:Graphics_drawStringCentered</name>
         <load_address>0x11922</load_address>
         <run_address>0x11922</run_address>
         <size>0x78</size>
         <input_file_ref idref="fl-1e"/>
      </object_component>
      <object_component id="oc-7a">
         <name>.text:decompress:lzss:__TI_decompress_lzss</name>
         <load_address>0x1199a</load_address>
         <run_address>0x1199a</run_address>
         <size>0x76</size>
         <input_file_ref idref="fl-47"/>
      </object_component>
      <object_component id="oc-813">
         <name>.text:snprintf</name>
         <load_address>0x11a10</load_address>
         <run_address>0x11a10</run_address>
         <size>0x62</size>
         <input_file_ref idref="fl-81"/>
      </object_component>
      <object_component id="oc-89b">
         <name>.text:Crystalfontz128x128_RectFill</name>
         <load_address>0x11a72</load_address>
         <run_address>0x11a72</run_address>
         <size>0x5a</size>
         <input_file_ref idref="fl-1f"/>
      </object_component>
      <object_component id="oc-739">
         <name>.text:select_num_questions</name>
         <load_address>0x11acc</load_address>
         <run_address>0x11acc</run_address>
         <size>0x5a</size>
         <input_file_ref idref="fl-4"/>
      </object_component>
      <object_component id="oc-983">
         <name>.text</name>
         <load_address>0x11b26</load_address>
         <run_address>0x11b26</run_address>
         <size>0x58</size>
         <input_file_ref idref="fl-6a"/>
      </object_component>
      <object_component id="oc-6e3">
         <name>.text:__TI_auto_init_nobinit_nopinit_hold_wdt:__TI_auto_init_nobinit_nopinit_hold_wdt</name>
         <load_address>0x11b7e</load_address>
         <run_address>0x11b7e</run_address>
         <size>0x54</size>
         <input_file_ref idref="fl-78"/>
      </object_component>
      <object_component id="oc-704">
         <name>.text:LCD_InitGraphics</name>
         <load_address>0x11bd2</load_address>
         <run_address>0x11bd2</run_address>
         <size>0x52</size>
         <input_file_ref idref="fl-5"/>
      </object_component>
      <object_component id="oc-70a">
         <name>.text:Joystick_Init</name>
         <load_address>0x11c24</load_address>
         <run_address>0x11c24</run_address>
         <size>0x50</size>
         <input_file_ref idref="fl-5"/>
      </object_component>
      <object_component id="oc-8ed">
         <name>.text:Graphics_convertPalette</name>
         <load_address>0x11c74</load_address>
         <run_address>0x11c74</run_address>
         <size>0x4e</size>
         <input_file_ref idref="fl-19"/>
      </object_component>
      <object_component id="oc-98e">
         <name>.text:Graphics_getNumberOfLeadingZeros</name>
         <load_address>0x11cc2</load_address>
         <run_address>0x11cc2</run_address>
         <size>0x4a</size>
         <input_file_ref idref="fl-1e"/>
      </object_component>
      <object_component id="oc-854">
         <name>.text:HAL_LCD_SpiInit</name>
         <load_address>0x11d0c</load_address>
         <run_address>0x11d0c</run_address>
         <size>0x48</size>
         <input_file_ref idref="fl-20"/>
      </object_component>
      <object_component id="oc-7ef">
         <name>.text:Joystick_GetDir</name>
         <load_address>0x11d54</load_address>
         <run_address>0x11d54</run_address>
         <size>0x48</size>
         <input_file_ref idref="fl-5"/>
      </object_component>
      <object_component id="oc-9c0">
         <name>.text:__TI_printfi_minimal:_pproc_str___TI_printfi_minimal</name>
         <load_address>0x11d9c</load_address>
         <run_address>0x11d9c</run_address>
         <size>0x48</size>
         <input_file_ref idref="fl-82"/>
      </object_component>
      <object_component id="oc-733">
         <name>.text:play_startup_tune</name>
         <load_address>0x11de4</load_address>
         <run_address>0x11de4</run_address>
         <size>0x48</size>
         <input_file_ref idref="fl-4"/>
      </object_component>
      <object_component id="oc-780">
         <name>.text:Crystalfontz128x128_SetOrientation</name>
         <load_address>0x11e2c</load_address>
         <run_address>0x11e2c</run_address>
         <size>0x46</size>
         <input_file_ref idref="fl-1f"/>
      </object_component>
      <object_component id="oc-7fb">
         <name>.text:generate_question</name>
         <load_address>0x11e72</load_address>
         <run_address>0x11e72</run_address>
         <size>0x46</size>
         <input_file_ref idref="fl-4"/>
      </object_component>
      <object_component id="oc-8a1">
         <name>.text:Crystalfontz128x128_ColorTranslate</name>
         <load_address>0x11eb8</load_address>
         <run_address>0x11eb8</run_address>
         <size>0x42</size>
         <input_file_ref idref="fl-1f"/>
      </object_component>
      <object_component id="oc-920">
         <name>.text:rand</name>
         <load_address>0x11efa</load_address>
         <run_address>0x11efa</run_address>
         <size>0x40</size>
         <input_file_ref idref="fl-80"/>
      </object_component>
      <object_component id="oc-8d8">
         <name>.text</name>
         <load_address>0x11f3a</load_address>
         <run_address>0x11f3a</run_address>
         <size>0x40</size>
         <input_file_ref idref="fl-68"/>
      </object_component>
      <object_component id="oc-807">
         <name>.text:draw_sequence_info</name>
         <load_address>0x11f7a</load_address>
         <run_address>0x11f7a</run_address>
         <size>0x3e</size>
         <input_file_ref idref="fl-4"/>
      </object_component>
      <object_component id="oc-96c">
         <name>.text:l_lsr_const</name>
         <load_address>0x11fb8</load_address>
         <run_address>0x11fb8</run_address>
         <size>0x3e</size>
         <input_file_ref idref="fl-74"/>
      </object_component>
      <object_component id="oc-895">
         <name>.text:Crystalfontz128x128_LineDrawV</name>
         <load_address>0x11ff6</load_address>
         <run_address>0x11ff6</run_address>
         <size>0x3c</size>
         <input_file_ref idref="fl-1f"/>
      </object_component>
      <object_component id="oc-78c">
         <name>.text:Graphics_initContext</name>
         <load_address>0x12032</load_address>
         <run_address>0x12032</run_address>
         <size>0x3c</size>
         <input_file_ref idref="fl-17"/>
      </object_component>
      <object_component id="oc-88f">
         <name>.text:Crystalfontz128x128_LineDrawH</name>
         <load_address>0x1206e</load_address>
         <run_address>0x1206e</run_address>
         <size>0x3a</size>
         <input_file_ref idref="fl-1f"/>
      </object_component>
      <object_component id="oc-8f8">
         <name>.text:Graphics_drawMultiplePixelsOnDisplay</name>
         <load_address>0x120a8</load_address>
         <run_address>0x120a8</run_address>
         <size>0x3a</size>
         <input_file_ref idref="fl-18"/>
      </object_component>
      <object_component id="oc-6b2">
         <name>.text:MusicTrainer_Init</name>
         <load_address>0x120e2</load_address>
         <run_address>0x120e2</run_address>
         <size>0x3a</size>
         <input_file_ref idref="fl-4"/>
      </object_component>
      <object_component id="oc-92f">
         <name>.text:_outs</name>
         <load_address>0x1211c</load_address>
         <run_address>0x1211c</run_address>
         <size>0x36</size>
         <input_file_ref idref="fl-81"/>
      </object_component>
      <object_component id="oc-90a">
         <name>.text:Buzzer_SetFrequency</name>
         <load_address>0x12152</load_address>
         <run_address>0x12152</run_address>
         <size>0x34</size>
         <input_file_ref idref="fl-5"/>
      </object_component>
      <object_component id="oc-8ad">
         <name>.text:Crystalfontz128x128_ClearScreen</name>
         <load_address>0x12186</load_address>
         <run_address>0x12186</run_address>
         <size>0x30</size>
         <input_file_ref idref="fl-1f"/>
      </object_component>
      <object_component id="oc-883">
         <name>.text:Crystalfontz128x128_PixelDraw</name>
         <load_address>0x121b6</load_address>
         <run_address>0x121b6</run_address>
         <size>0x2e</size>
         <input_file_ref idref="fl-1f"/>
      </object_component>
      <object_component id="oc-6fe">
         <name>.text:Init_ClockSystem</name>
         <load_address>0x121e4</load_address>
         <run_address>0x121e4</run_address>
         <size>0x2e</size>
         <input_file_ref idref="fl-5"/>
      </object_component>
      <object_component id="oc-69c">
         <name>.text:__mpu_init</name>
         <load_address>0x12212</load_address>
         <run_address>0x12212</run_address>
         <size>0x2c</size>
         <input_file_ref idref="fl-76"/>
      </object_component>
      <object_component id="oc-8f3">
         <name>.text</name>
         <load_address>0x1223e</load_address>
         <run_address>0x1223e</run_address>
         <size>0x2c</size>
         <input_file_ref idref="fl-67"/>
      </object_component>
      <object_component id="oc-710">
         <name>.text:Buzzer_Init</name>
         <load_address>0x1226a</load_address>
         <run_address>0x1226a</run_address>
         <size>0x28</size>
         <input_file_ref idref="fl-5"/>
      </object_component>
      <object_component id="oc-9f7">
         <name>.text:memccpy</name>
         <load_address>0x12292</load_address>
         <run_address>0x12292</run_address>
         <size>0x26</size>
         <input_file_ref idref="fl-a0"/>
      </object_component>
      <object_component id="oc-716">
         <name>.text:Joystick_ReadAxes</name>
         <load_address>0x122b8</load_address>
         <run_address>0x122b8</run_address>
         <size>0x24</size>
         <input_file_ref idref="fl-5"/>
      </object_component>
      <object_component id="oc-634">
         <name>.text:decompress:ZI:__TI_zero_init</name>
         <load_address>0x122dc</load_address>
         <run_address>0x122dc</run_address>
         <size>0x24</size>
         <input_file_ref idref="fl-66"/>
      </object_component>
      <object_component id="oc-9ab">
         <name>.text</name>
         <load_address>0x12300</load_address>
         <run_address>0x12300</run_address>
         <size>0x24</size>
         <input_file_ref idref="fl-6e"/>
      </object_component>
      <object_component id="oc-7db">
         <name>.text:Buzzer_PlayNote</name>
         <load_address>0x12324</load_address>
         <run_address>0x12324</run_address>
         <size>0x20</size>
         <input_file_ref idref="fl-5"/>
      </object_component>
      <object_component id="oc-935">
         <name>.text:_outc</name>
         <load_address>0x12344</load_address>
         <run_address>0x12344</run_address>
         <size>0x20</size>
         <input_file_ref idref="fl-81"/>
      </object_component>
      <object_component id="oc-9dd">
         <name>.text:Graphics_drawHorizontalLineOnDisplay</name>
         <load_address>0x12364</load_address>
         <run_address>0x12364</run_address>
         <size>0x1a</size>
         <input_file_ref idref="fl-18"/>
      </object_component>
      <object_component id="oc-84e">
         <name>.text:HAL_LCD_PortInit</name>
         <load_address>0x1237e</load_address>
         <run_address>0x1237e</run_address>
         <size>0x1a</size>
         <input_file_ref idref="fl-20"/>
      </object_component>
      <object_component id="oc-792">
         <name>.text:Graphics_setBackgroundColor</name>
         <load_address>0x12398</load_address>
         <run_address>0x12398</run_address>
         <size>0x18</size>
         <input_file_ref idref="fl-17"/>
      </object_component>
      <object_component id="oc-798">
         <name>.text:Graphics_setForegroundColor</name>
         <load_address>0x123b0</load_address>
         <run_address>0x123b0</run_address>
         <size>0x18</size>
         <input_file_ref idref="fl-17"/>
      </object_component>
      <object_component id="oc-68a">
         <name>.text:main</name>
         <load_address>0x123c8</load_address>
         <run_address>0x123c8</run_address>
         <size>0x18</size>
         <input_file_ref idref="fl-3"/>
      </object_component>
      <object_component id="oc-7d3">
         <name>.text</name>
         <load_address>0x123e0</load_address>
         <run_address>0x123e0</run_address>
         <size>0x18</size>
         <input_file_ref idref="fl-6c"/>
      </object_component>
      <object_component id="oc-7cd">
         <name>.text:delay_ms</name>
         <load_address>0x123f8</load_address>
         <run_address>0x123f8</run_address>
         <size>0x16</size>
         <input_file_ref idref="fl-5"/>
      </object_component>
      <object_component id="oc-9ea">
         <name>.text:memset</name>
         <load_address>0x1240e</load_address>
         <run_address>0x1240e</run_address>
         <size>0x16</size>
         <input_file_ref idref="fl-a1"/>
      </object_component>
      <object_component id="oc-926">
         <name>.text</name>
         <load_address>0x12424</load_address>
         <run_address>0x12424</run_address>
         <size>0x16</size>
         <input_file_ref idref="fl-69"/>
      </object_component>
      <object_component id="oc-71c">
         <name>.text:srand</name>
         <load_address>0x1243a</load_address>
         <run_address>0x1243a</run_address>
         <size>0x16</size>
         <input_file_ref idref="fl-80"/>
      </object_component>
      <object_component id="oc-61c">
         <name>.text:memcpy</name>
         <load_address>0x12450</load_address>
         <run_address>0x12450</run_address>
         <size>0x14</size>
         <input_file_ref idref="fl-7f"/>
      </object_component>
      <object_component id="oc-85a">
         <name>.text:HAL_LCD_writeCommand</name>
         <load_address>0x12464</load_address>
         <run_address>0x12464</run_address>
         <size>0x12</size>
         <input_file_ref idref="fl-20"/>
      </object_component>
      <object_component id="oc-860">
         <name>.text:HAL_LCD_writeData</name>
         <load_address>0x12476</load_address>
         <run_address>0x12476</run_address>
         <size>0x12</size>
         <input_file_ref idref="fl-20"/>
      </object_component>
      <object_component id="oc-6b8">
         <name>.text:MusicTrainer_Run</name>
         <load_address>0x12488</load_address>
         <run_address>0x12488</run_address>
         <size>0x12</size>
         <input_file_ref idref="fl-4"/>
      </object_component>
      <object_component id="oc-80">
         <name>.text:decompress:none:__TI_decompress_none</name>
         <load_address>0x1249a</load_address>
         <run_address>0x1249a</run_address>
         <size>0x12</size>
         <input_file_ref idref="fl-48"/>
      </object_component>
      <object_component id="oc-7a7">
         <name>.text:Graphics_clearDisplay</name>
         <load_address>0x124ac</load_address>
         <run_address>0x124ac</run_address>
         <size>0x10</size>
         <input_file_ref idref="fl-17"/>
      </object_component>
      <object_component id="oc-8c6">
         <name>.text:Graphics_clearDisplayOnDisplay</name>
         <load_address>0x124bc</load_address>
         <run_address>0x124bc</run_address>
         <size>0xe</size>
         <input_file_ref idref="fl-18"/>
      </object_component>
      <object_component id="oc-8fe">
         <name>.text:Graphics_drawPixelOnDisplay</name>
         <load_address>0x124ca</load_address>
         <run_address>0x124ca</run_address>
         <size>0xe</size>
         <input_file_ref idref="fl-18"/>
      </object_component>
      <object_component id="oc-8b7">
         <name>.text:Graphics_translateColorOnDisplay</name>
         <load_address>0x124d8</load_address>
         <run_address>0x124d8</run_address>
         <size>0xe</size>
         <input_file_ref idref="fl-18"/>
      </object_component>
      <object_component id="oc-9b4">
         <name>.text:strlen</name>
         <load_address>0x124e6</load_address>
         <run_address>0x124e6</run_address>
         <size>0xe</size>
         <input_file_ref idref="fl-a3"/>
      </object_component>
      <object_component id="oc-989">
         <name>.text</name>
         <load_address>0x124f4</load_address>
         <run_address>0x124f4</run_address>
         <size>0xa</size>
         <input_file_ref idref="fl-72"/>
      </object_component>
      <object_component id="oc-963">
         <name>.text</name>
         <load_address>0x124fe</load_address>
         <run_address>0x124fe</run_address>
         <size>0xa</size>
         <input_file_ref idref="fl-73"/>
      </object_component>
      <object_component id="oc-7e1">
         <name>.text:Buzzer_Stop</name>
         <load_address>0x12508</load_address>
         <run_address>0x12508</run_address>
         <size>0x8</size>
         <input_file_ref idref="fl-5"/>
      </object_component>
      <object_component id="oc-7a1">
         <name>.text:Graphics_setFont</name>
         <load_address>0x12510</load_address>
         <run_address>0x12510</run_address>
         <size>0x6</size>
         <input_file_ref idref="fl-17"/>
      </object_component>
      <object_component id="oc-6bf">
         <name>.text:abort</name>
         <load_address>0x12516</load_address>
         <run_address>0x12516</run_address>
         <size>0x6</size>
         <input_file_ref idref="fl-7c"/>
      </object_component>
      <object_component id="oc-684">
         <name>.text:_system_pre_init</name>
         <load_address>0x1251c</load_address>
         <run_address>0x1251c</run_address>
         <size>0x4</size>
         <input_file_ref idref="fl-7a"/>
      </object_component>
      <object_component id="oc-8a7">
         <name>.text:Crystalfontz128x128_Flush</name>
         <load_address>0x12520</load_address>
         <run_address>0x12520</run_address>
         <size>0x2</size>
         <input_file_ref idref="fl-1f"/>
      </object_component>
      <object_component id="oc-828">
         <name>.text:_nop</name>
         <load_address>0x12522</load_address>
         <run_address>0x12522</run_address>
         <size>0x2</size>
         <input_file_ref idref="fl-7e"/>
      </object_component>
      <object_component id="oc-758">
         <name>.text:_system_post_cinit</name>
         <load_address>0x12524</load_address>
         <run_address>0x12524</run_address>
         <size>0x2</size>
         <input_file_ref idref="fl-79"/>
      </object_component>
      <object_component id="oc-9a1">
         <name>.bss:g_pulConvertedPalette</name>
         <uninitialized>true</uninitialized>
         <run_address>0x1c00</run_address>
         <size>0x400</size>
         <input_file_ref idref="fl-19"/>
      </object_component>
      <object_component id="oc-786">
         <name>.common:g_sContext</name>
         <uninitialized>true</uninitialized>
         <run_address>0x2000</run_address>
         <size>0x1c</size>
      </object_component>
      <object_component id="oc-875">
         <name>.common:Lcd_Orientation</name>
         <uninitialized>true</uninitialized>
         <run_address>0x2024</run_address>
         <size>0x1</size>
      </object_component>
      <object_component id="oc-866">
         <name>.common:Lcd_ScreenWidth</name>
         <uninitialized>true</uninitialized>
         <run_address>0x201e</run_address>
         <size>0x2</size>
      </object_component>
      <object_component id="oc-869">
         <name>.common:Lcd_ScreenHeigth</name>
         <uninitialized>true</uninitialized>
         <run_address>0x201c</run_address>
         <size>0x2</size>
      </object_component>
      <object_component id="oc-86a">
         <name>.common:Lcd_PenSolid</name>
         <uninitialized>true</uninitialized>
         <run_address>0x2025</run_address>
         <size>0x1</size>
      </object_component>
      <object_component id="oc-86b">
         <name>.common:Lcd_FontSolid</name>
         <uninitialized>true</uninitialized>
         <run_address>0x2023</run_address>
         <size>0x1</size>
      </object_component>
      <object_component id="oc-86c">
         <name>.common:Lcd_FlagRead</name>
         <uninitialized>true</uninitialized>
         <run_address>0x2022</run_address>
         <size>0x1</size>
      </object_component>
      <object_component id="oc-86d">
         <name>.common:Lcd_TouchTrim</name>
         <uninitialized>true</uninitialized>
         <run_address>0x2020</run_address>
         <size>0x2</size>
      </object_component>
      <object_component id="oc-74a">
         <name>.data:_lock</name>
         <load_address>0x2026</load_address>
         <run_address>0x2026</run_address>
         <size>0x4</size>
         <input_file_ref idref="fl-7e"/>
      </object_component>
      <object_component id="oc-753">
         <name>.data:_unlock</name>
         <load_address>0x202a</load_address>
         <run_address>0x202a</run_address>
         <size>0x4</size>
         <input_file_ref idref="fl-7e"/>
      </object_component>
      <object_component id="oc-7b1">
         <name>.data</name>
         <load_address>0x202e</load_address>
         <run_address>0x202e</run_address>
         <size>0x4</size>
         <input_file_ref idref="fl-80"/>
      </object_component>
      <object_component id="oc-60d">
         <name>.stack</name>
         <uninitialized>true</uninitialized>
         <run_address>0x2360</run_address>
         <size>0x4</size>
         <input_file_ref idref="fl-75"/>
      </object_component>
      <object_component id="oc-a97">
         <name>.stack</name>
         <uninitialized>true</uninitialized>
         <run_address>0x2360</run_address>
         <size>0x0</size>
      </object_component>
      <object_component id="oc-86">
         <name>.int27</name>
         <load_address>0xffc6</load_address>
         <run_address>0xffc6</run_address>
         <size>0x2</size>
         <input_file_ref idref="fl-49"/>
      </object_component>
      <object_component id="oc-87">
         <name>.int28</name>
         <load_address>0xffc8</load_address>
         <run_address>0xffc8</run_address>
         <size>0x2</size>
         <input_file_ref idref="fl-4b"/>
      </object_component>
      <object_component id="oc-88">
         <name>.int29</name>
         <load_address>0xffca</load_address>
         <run_address>0xffca</run_address>
         <size>0x2</size>
         <input_file_ref idref="fl-4c"/>
      </object_component>
      <object_component id="oc-89">
         <name>.int30</name>
         <load_address>0xffcc</load_address>
         <run_address>0xffcc</run_address>
         <size>0x2</size>
         <input_file_ref idref="fl-4d"/>
      </object_component>
      <object_component id="oc-8a">
         <name>.int31</name>
         <load_address>0xffce</load_address>
         <run_address>0xffce</run_address>
         <size>0x2</size>
         <input_file_ref idref="fl-4e"/>
      </object_component>
      <object_component id="oc-8b">
         <name>.int32</name>
         <load_address>0xffd0</load_address>
         <run_address>0xffd0</run_address>
         <size>0x2</size>
         <input_file_ref idref="fl-4f"/>
      </object_component>
      <object_component id="oc-8c">
         <name>.int33</name>
         <load_address>0xffd2</load_address>
         <run_address>0xffd2</run_address>
         <size>0x2</size>
         <input_file_ref idref="fl-50"/>
      </object_component>
      <object_component id="oc-8d">
         <name>.int34</name>
         <load_address>0xffd4</load_address>
         <run_address>0xffd4</run_address>
         <size>0x2</size>
         <input_file_ref idref="fl-51"/>
      </object_component>
      <object_component id="oc-8e">
         <name>.int35</name>
         <load_address>0xffd6</load_address>
         <run_address>0xffd6</run_address>
         <size>0x2</size>
         <input_file_ref idref="fl-52"/>
      </object_component>
      <object_component id="oc-8f">
         <name>.int36</name>
         <load_address>0xffd8</load_address>
         <run_address>0xffd8</run_address>
         <size>0x2</size>
         <input_file_ref idref="fl-53"/>
      </object_component>
      <object_component id="oc-90">
         <name>.int37</name>
         <load_address>0xffda</load_address>
         <run_address>0xffda</run_address>
         <size>0x2</size>
         <input_file_ref idref="fl-54"/>
      </object_component>
      <object_component id="oc-91">
         <name>.int38</name>
         <load_address>0xffdc</load_address>
         <run_address>0xffdc</run_address>
         <size>0x2</size>
         <input_file_ref idref="fl-55"/>
      </object_component>
      <object_component id="oc-92">
         <name>.int39</name>
         <load_address>0xffde</load_address>
         <run_address>0xffde</run_address>
         <size>0x2</size>
         <input_file_ref idref="fl-56"/>
      </object_component>
      <object_component id="oc-93">
         <name>.int40</name>
         <load_address>0xffe0</load_address>
         <run_address>0xffe0</run_address>
         <size>0x2</size>
         <input_file_ref idref="fl-57"/>
      </object_component>
      <object_component id="oc-94">
         <name>.int41</name>
         <load_address>0xffe2</load_address>
         <run_address>0xffe2</run_address>
         <size>0x2</size>
         <input_file_ref idref="fl-58"/>
      </object_component>
      <object_component id="oc-95">
         <name>.int42</name>
         <load_address>0xffe4</load_address>
         <run_address>0xffe4</run_address>
         <size>0x2</size>
         <input_file_ref idref="fl-59"/>
      </object_component>
      <object_component id="oc-96">
         <name>.int43</name>
         <load_address>0xffe6</load_address>
         <run_address>0xffe6</run_address>
         <size>0x2</size>
         <input_file_ref idref="fl-5a"/>
      </object_component>
      <object_component id="oc-97">
         <name>.int44</name>
         <load_address>0xffe8</load_address>
         <run_address>0xffe8</run_address>
         <size>0x2</size>
         <input_file_ref idref="fl-5b"/>
      </object_component>
      <object_component id="oc-98">
         <name>.int45</name>
         <load_address>0xffea</load_address>
         <run_address>0xffea</run_address>
         <size>0x2</size>
         <input_file_ref idref="fl-5c"/>
      </object_component>
      <object_component id="oc-99">
         <name>.int46</name>
         <load_address>0xffec</load_address>
         <run_address>0xffec</run_address>
         <size>0x2</size>
         <input_file_ref idref="fl-5d"/>
      </object_component>
      <object_component id="oc-9a">
         <name>.int47</name>
         <load_address>0xffee</load_address>
         <run_address>0xffee</run_address>
         <size>0x2</size>
         <input_file_ref idref="fl-5e"/>
      </object_component>
      <object_component id="oc-9b">
         <name>.int48</name>
         <load_address>0xfff0</load_address>
         <run_address>0xfff0</run_address>
         <size>0x2</size>
         <input_file_ref idref="fl-5f"/>
      </object_component>
      <object_component id="oc-9c">
         <name>.int49</name>
         <load_address>0xfff2</load_address>
         <run_address>0xfff2</run_address>
         <size>0x2</size>
         <input_file_ref idref="fl-60"/>
      </object_component>
      <object_component id="oc-9d">
         <name>.int50</name>
         <load_address>0xfff4</load_address>
         <run_address>0xfff4</run_address>
         <size>0x2</size>
         <input_file_ref idref="fl-61"/>
      </object_component>
      <object_component id="oc-9e">
         <name>.int51</name>
         <load_address>0xfff6</load_address>
         <run_address>0xfff6</run_address>
         <size>0x2</size>
         <input_file_ref idref="fl-62"/>
      </object_component>
      <object_component id="oc-9f">
         <name>.int52</name>
         <load_address>0xfff8</load_address>
         <run_address>0xfff8</run_address>
         <size>0x2</size>
         <input_file_ref idref="fl-63"/>
      </object_component>
      <object_component id="oc-a0">
         <name>.int53</name>
         <load_address>0xfffa</load_address>
         <run_address>0xfffa</run_address>
         <size>0x2</size>
         <input_file_ref idref="fl-64"/>
      </object_component>
      <object_component id="oc-a1">
         <name>.int54</name>
         <load_address>0xfffc</load_address>
         <run_address>0xfffc</run_address>
         <size>0x2</size>
         <input_file_ref idref="fl-65"/>
      </object_component>
      <object_component id="oc-610">
         <name>.reset</name>
         <load_address>0xfffe</load_address>
         <run_address>0xfffe</run_address>
         <size>0x2</size>
         <input_file_ref idref="fl-75"/>
      </object_component>
      <object_component id="oc-8d1">
         <name>.debug_info</name>
         <load_address>0x0</load_address>
         <run_address>0x0</run_address>
         <size>0x24c</size>
         <input_file_ref idref="fl-2"/>
      </object_component>
      <object_component id="oc-8e9">
         <name>.debug_info</name>
         <load_address>0x24c</load_address>
         <run_address>0x24c</run_address>
         <size>0xe8</size>
         <input_file_ref idref="fl-2"/>
      </object_component>
      <object_component id="oc-8e6">
         <name>.debug_info</name>
         <load_address>0x334</load_address>
         <run_address>0x334</run_address>
         <size>0xec</size>
         <input_file_ref idref="fl-2"/>
      </object_component>
      <object_component id="oc-7c3">
         <name>.debug_info</name>
         <load_address>0x420</load_address>
         <run_address>0x420</run_address>
         <size>0xcf</size>
         <input_file_ref idref="fl-2"/>
      </object_component>
      <object_component id="oc-87e">
         <name>.debug_info</name>
         <load_address>0x4ef</load_address>
         <run_address>0x4ef</run_address>
         <size>0x26b</size>
         <input_file_ref idref="fl-2"/>
      </object_component>
      <object_component id="oc-879">
         <name>.debug_info</name>
         <load_address>0x75a</load_address>
         <run_address>0x75a</run_address>
         <size>0x40a</size>
         <input_file_ref idref="fl-2"/>
      </object_component>
      <object_component id="oc-617">
         <name>.debug_info</name>
         <load_address>0xb64</load_address>
         <run_address>0xb64</run_address>
         <size>0x84</size>
         <input_file_ref idref="fl-2"/>
      </object_component>
      <object_component id="oc-7b6">
         <name>.debug_info</name>
         <load_address>0xbe8</load_address>
         <run_address>0xbe8</run_address>
         <size>0x282</size>
         <input_file_ref idref="fl-2"/>
      </object_component>
      <object_component id="oc-723">
         <name>.debug_info</name>
         <load_address>0xe6a</load_address>
         <run_address>0xe6a</run_address>
         <size>0xbb</size>
         <input_file_ref idref="fl-2"/>
      </object_component>
      <object_component id="oc-68c">
         <name>.debug_info</name>
         <load_address>0xf25</load_address>
         <run_address>0xf25</run_address>
         <size>0x11a</size>
         <input_file_ref idref="fl-3"/>
      </object_component>
      <object_component id="oc-7f6">
         <name>.debug_info</name>
         <load_address>0x103f</load_address>
         <run_address>0x103f</run_address>
         <size>0x63</size>
         <input_file_ref idref="fl-3"/>
      </object_component>
      <object_component id="oc-7e8">
         <name>.debug_info</name>
         <load_address>0x10a2</load_address>
         <run_address>0x10a2</run_address>
         <size>0x70c</size>
         <input_file_ref idref="fl-4"/>
      </object_component>
      <object_component id="oc-7d9">
         <name>.debug_info</name>
         <load_address>0x17ae</load_address>
         <run_address>0x17ae</run_address>
         <size>0xd5</size>
         <input_file_ref idref="fl-4"/>
      </object_component>
      <object_component id="oc-72f">
         <name>.debug_info</name>
         <load_address>0x1883</load_address>
         <run_address>0x1883</run_address>
         <size>0x23d</size>
         <input_file_ref idref="fl-4"/>
      </object_component>
      <object_component id="oc-734">
         <name>.debug_info</name>
         <load_address>0x1ac0</load_address>
         <run_address>0x1ac0</run_address>
         <size>0x1b7</size>
         <input_file_ref idref="fl-4"/>
      </object_component>
      <object_component id="oc-7ea">
         <name>.debug_info</name>
         <load_address>0x1c77</load_address>
         <run_address>0x1c77</run_address>
         <size>0x28c</size>
         <input_file_ref idref="fl-4"/>
      </object_component>
      <object_component id="oc-73a">
         <name>.debug_info</name>
         <load_address>0x1f03</load_address>
         <run_address>0x1f03</run_address>
         <size>0x1f3</size>
         <input_file_ref idref="fl-4"/>
      </object_component>
      <object_component id="oc-821">
         <name>.debug_info</name>
         <load_address>0x20f6</load_address>
         <run_address>0x20f6</run_address>
         <size>0x279</size>
         <input_file_ref idref="fl-4"/>
      </object_component>
      <object_component id="oc-7fc">
         <name>.debug_info</name>
         <load_address>0x236f</load_address>
         <run_address>0x236f</run_address>
         <size>0x1ab</size>
         <input_file_ref idref="fl-4"/>
      </object_component>
      <object_component id="oc-803">
         <name>.debug_info</name>
         <load_address>0x251a</load_address>
         <run_address>0x251a</run_address>
         <size>0x273</size>
         <input_file_ref idref="fl-4"/>
      </object_component>
      <object_component id="oc-808">
         <name>.debug_info</name>
         <load_address>0x278d</load_address>
         <run_address>0x278d</run_address>
         <size>0x17e</size>
         <input_file_ref idref="fl-4"/>
      </object_component>
      <object_component id="oc-80e">
         <name>.debug_info</name>
         <load_address>0x290b</load_address>
         <run_address>0x290b</run_address>
         <size>0x25e</size>
         <input_file_ref idref="fl-4"/>
      </object_component>
      <object_component id="oc-81a">
         <name>.debug_info</name>
         <load_address>0x2b69</load_address>
         <run_address>0x2b69</run_address>
         <size>0x3ce</size>
         <input_file_ref idref="fl-4"/>
      </object_component>
      <object_component id="oc-740">
         <name>.debug_info</name>
         <load_address>0x2f37</load_address>
         <run_address>0x2f37</run_address>
         <size>0x4b1</size>
         <input_file_ref idref="fl-4"/>
      </object_component>
      <object_component id="oc-6b9">
         <name>.debug_info</name>
         <load_address>0x33e8</load_address>
         <run_address>0x33e8</run_address>
         <size>0x17e</size>
         <input_file_ref idref="fl-4"/>
      </object_component>
      <object_component id="oc-6b3">
         <name>.debug_info</name>
         <load_address>0x3566</load_address>
         <run_address>0x3566</run_address>
         <size>0x1d7</size>
         <input_file_ref idref="fl-4"/>
      </object_component>
      <object_component id="oc-914">
         <name>.debug_info</name>
         <load_address>0x373d</load_address>
         <run_address>0x373d</run_address>
         <size>0x5e</size>
         <input_file_ref idref="fl-4"/>
      </object_component>
      <object_component id="oc-919">
         <name>.debug_info</name>
         <load_address>0x379b</load_address>
         <run_address>0x379b</run_address>
         <size>0x110</size>
         <input_file_ref idref="fl-4"/>
      </object_component>
      <object_component id="oc-728">
         <name>.debug_info</name>
         <load_address>0x38ab</load_address>
         <run_address>0x38ab</run_address>
         <size>0x8b</size>
         <input_file_ref idref="fl-4"/>
      </object_component>
      <object_component id="oc-9c8">
         <name>.debug_info</name>
         <load_address>0x3936</load_address>
         <run_address>0x3936</run_address>
         <size>0x2c</size>
         <input_file_ref idref="fl-4"/>
      </object_component>
      <object_component id="oc-787">
         <name>.debug_info</name>
         <load_address>0x3962</load_address>
         <run_address>0x3962</run_address>
         <size>0x7d5</size>
         <input_file_ref idref="fl-5"/>
      </object_component>
      <object_component id="oc-7cf">
         <name>.debug_info</name>
         <load_address>0x4137</load_address>
         <run_address>0x4137</run_address>
         <size>0x125</size>
         <input_file_ref idref="fl-5"/>
      </object_component>
      <object_component id="oc-705">
         <name>.debug_info</name>
         <load_address>0x425c</load_address>
         <run_address>0x425c</run_address>
         <size>0x1f5</size>
         <input_file_ref idref="fl-5"/>
      </object_component>
      <object_component id="oc-717">
         <name>.debug_info</name>
         <load_address>0x4451</load_address>
         <run_address>0x4451</run_address>
         <size>0x167</size>
         <input_file_ref idref="fl-5"/>
      </object_component>
      <object_component id="oc-70b">
         <name>.debug_info</name>
         <load_address>0x45b8</load_address>
         <run_address>0x45b8</run_address>
         <size>0x115</size>
         <input_file_ref idref="fl-5"/>
      </object_component>
      <object_component id="oc-7f0">
         <name>.debug_info</name>
         <load_address>0x46cd</load_address>
         <run_address>0x46cd</run_address>
         <size>0x14d</size>
         <input_file_ref idref="fl-5"/>
      </object_component>
      <object_component id="oc-6ff">
         <name>.debug_info</name>
         <load_address>0x481a</load_address>
         <run_address>0x481a</run_address>
         <size>0x11b</size>
         <input_file_ref idref="fl-5"/>
      </object_component>
      <object_component id="oc-90b">
         <name>.debug_info</name>
         <load_address>0x4935</load_address>
         <run_address>0x4935</run_address>
         <size>0x16c</size>
         <input_file_ref idref="fl-5"/>
      </object_component>
      <object_component id="oc-7e2">
         <name>.debug_info</name>
         <load_address>0x4aa1</load_address>
         <run_address>0x4aa1</run_address>
         <size>0x12b</size>
         <input_file_ref idref="fl-5"/>
      </object_component>
      <object_component id="oc-7dc">
         <name>.debug_info</name>
         <load_address>0x4bcc</load_address>
         <run_address>0x4bcc</run_address>
         <size>0x1ba</size>
         <input_file_ref idref="fl-5"/>
      </object_component>
      <object_component id="oc-711">
         <name>.debug_info</name>
         <load_address>0x4d86</load_address>
         <run_address>0x4d86</run_address>
         <size>0x111</size>
         <input_file_ref idref="fl-5"/>
      </object_component>
      <object_component id="oc-8c4">
         <name>.debug_info</name>
         <load_address>0x4e97</load_address>
         <run_address>0x4e97</run_address>
         <size>0x234</size>
         <input_file_ref idref="fl-13"/>
      </object_component>
      <object_component id="oc-8c0">
         <name>.debug_info</name>
         <load_address>0x50cb</load_address>
         <run_address>0x50cb</run_address>
         <size>0xfc</size>
         <input_file_ref idref="fl-13"/>
      </object_component>
      <object_component id="oc-79f">
         <name>.debug_info</name>
         <load_address>0x51c7</load_address>
         <run_address>0x51c7</run_address>
         <size>0xf1</size>
         <input_file_ref idref="fl-13"/>
      </object_component>
      <object_component id="oc-8b6">
         <name>.debug_info</name>
         <load_address>0x52b8</load_address>
         <run_address>0x52b8</run_address>
         <size>0x3f6</size>
         <input_file_ref idref="fl-17"/>
      </object_component>
      <object_component id="oc-79a">
         <name>.debug_info</name>
         <load_address>0x56ae</load_address>
         <run_address>0x56ae</run_address>
         <size>0x1b9</size>
         <input_file_ref idref="fl-17"/>
      </object_component>
      <object_component id="oc-7a3">
         <name>.debug_info</name>
         <load_address>0x5867</load_address>
         <run_address>0x5867</run_address>
         <size>0x178</size>
[...]
      <symbol id="sm-571">
         <name>__c_args__</name>
         <value>0xffffffff</value>
      </symbol>
      <symbol id="sm-572">
         <name>__TI_pprof_out_hndl</name>
         <value>0xffffffff</value>
      </symbol>
      <symbol id="sm-573">
         <name>__TI_prof_data_start</name>
         <value>0xffffffff</value>
      </symbol>
      <symbol id="sm-574">
         <name>__TI_prof_data_size</name>
         <value>0xffffffff</value>
      </symbol>
      <symbol id="sm-602">
         <name>UCF_Logo</name>
         <value>0x69f6</value>
         <object_component_ref idref="oc-7c2"/>
      </symbol>
      <symbol id="sm-611">
         <name>main</name>
         <value>0x123c8</value>
         <object_component_ref idref="oc-68a"/>
      </symbol>
      <symbol id="sm-6db">
         <name>MusicTrainer_Init</name>
         <value>0x120e2</value>
         <object_component_ref idref="oc-6b2"/>
      </symbol>
      <symbol id="sm-6dc">
         <name>MusicTrainer_Run</name>
         <value>0x12488</value>
         <object_component_ref idref="oc-6b8"/>
      </symbol>
      <symbol id="sm-736">
         <name>g_sContext</name>
         <value>0x2000</value>
      </symbol>
      <symbol id="sm-737">
         <name>Joystick_ReadAxes</name>
         <value>0x122b8</value>
         <object_component_ref idref="oc-716"/>
      </symbol>
      <symbol id="sm-738">
         <name>Buzzer_PlayNote</name>
         <value>0x12324</value>
         <object_component_ref idref="oc-7db"/>
      </symbol>
      <symbol id="sm-739">
         <name>Init_ClockSystem</name>
         <value>0x121e4</value>
         <object_component_ref idref="oc-6fe"/>
      </symbol>
      <symbol id="sm-73a">
         <name>Joystick_GetDir</name>
         <value>0x11d54</value>
         <object_component_ref idref="oc-7ef"/>
      </symbol>
      <symbol id="sm-73b">
         <name>Joystick_Init</name>
         <value>0x11c24</value>
         <object_component_ref idref="oc-70a"/>
      </symbol>
      <symbol id="sm-73c">
         <name>LCD_InitGraphics</name>
         <value>0x11bd2</value>
         <object_component_ref idref="oc-704"/>
      </symbol>
      <symbol id="sm-73d">
         <name>delay_ms</name>
         <value>0x123f8</value>
         <object_component_ref idref="oc-7cd"/>
      </symbol>
      <symbol id="sm-73e">
         <name>Buzzer_Stop</name>
         <value>0x12508</value>
         <object_component_ref idref="oc-7e1"/>
      </symbol>
      <symbol id="sm-73f">
         <name>Buzzer_Init</name>
         <value>0x1226a</value>
         <object_component_ref idref="oc-710"/>
      </symbol>
      <symbol id="sm-75c">
         <name>g_sFontFixed6x8</name>
         <value>0x6872</value>
         <object_component_ref idref="oc-79e"/>
      </symbol>
      <symbol id="sm-787">
         <name>Graphics_setBackgroundColor</name>
         <value>0x12398</value>
         <object_component_ref idref="oc-792"/>
      </symbol>
      <symbol id="sm-788">
         <name>Graphics_setFont</name>
         <value>0x12510</value>
         <object_component_ref idref="oc-7a1"/>
      </symbol>
      <symbol id="sm-789">
         <name>Graphics_initContext</name>
         <value>0x12032</value>
         <object_component_ref idref="oc-78c"/>
      </symbol>
      <symbol id="sm-78a">
         <name>Graphics_setForegroundColor</name>
         <value>0x123b0</value>
         <object_component_ref idref="oc-798"/>
      </symbol>
      <symbol id="sm-78b">
         <name>Graphics_clearDisplay</name>
         <value>0x124ac</value>
         <object_component_ref idref="oc-7a7"/>
      </symbol>
      <symbol id="sm-7b3">
         <name>Graphics_clearDisplayOnDisplay</name>
         <value>0x124bc</value>
         <object_component_ref idref="oc-8c6"/>
      </symbol>
      <symbol id="sm-7b4">
         <name>Graphics_drawPixelOnDisplay</name>
         <value>0x124ca</value>
         <object_component_ref idref="oc-8fe"/>
      </symbol>
      <symbol id="sm-7b5">
         <name>Graphics_translateColorOnDisplay</name>
         <value>0x124d8</value>
         <object_component_ref idref="oc-8b7"/>
      </symbol>
      <symbol id="sm-7b6">
         <name>Graphics_drawHorizontalLineOnDisplay</name>
         <value>0x12364</value>
         <object_component_ref idref="oc-9dd"/>
      </symbol>
      <symbol id="sm-7b7">
         <name>Graphics_drawMultiplePixelsOnDisplay</name>
         <value>0x120a8</value>
         <object_component_ref idref="oc-8f8"/>
      </symbol>
      <symbol id="sm-7e8">
         <name>Graphics_drawImage</name>
         <value>0x10808</value>
         <object_component_ref idref="oc-7c5"/>
      </symbol>
      <symbol id="sm-800">
         <name>Graphics_drawLineH</name>
         <value>0x113bc</value>
         <object_component_ref idref="oc-994"/>
      </symbol>
      <symbol id="sm-870">
         <name>Graphics_drawStringCentered</name>
         <value>0x11922</value>
         <object_component_ref idref="oc-7bc"/>
      </symbol>
      <symbol id="sm-871">
         <name>Graphics_drawString</name>
         <value>0x10000</value>
         <object_component_ref idref="oc-8dd"/>
      </symbol>
      <symbol id="sm-872">
         <name>Graphics_getStringWidth</name>
         <value>0x11724</value>
         <object_component_ref idref="oc-8d2"/>
      </symbol>
      <symbol id="sm-8f9">
         <name>Lcd_Orientation</name>
         <value>0x2024</value>
      </symbol>
      <symbol id="sm-8fa">
         <name>Lcd_ScreenWidth</name>
         <value>0x201e</value>
      </symbol>
      <symbol id="sm-8fb">
         <name>Lcd_ScreenHeigth</name>
         <value>0x201c</value>
      </symbol>
      <symbol id="sm-8fc">
         <name>Lcd_PenSolid</name>
         <value>0x2025</value>
      </symbol>
      <symbol id="sm-8fd">
         <name>Lcd_FontSolid</name>
         <value>0x2023</value>
      </symbol>
      <symbol id="sm-8fe">
         <name>Lcd_FlagRead</name>
         <value>0x2022</value>
      </symbol>
      <symbol id="sm-8ff">
         <name>Lcd_TouchTrim</name>
         <value>0x2020</value>
      </symbol>
      <symbol id="sm-900">
         <name>Crystalfontz128x128_SetDrawFrame</name>
         <value>0x117e6</value>
         <object_component_ref idref="oc-86e"/>
      </symbol>
      <symbol id="sm-901">
         <name>Crystalfontz128x128_SetOrientation</name>
         <value>0x11e2c</value>
         <object_component_ref idref="oc-780"/>
      </symbol>
      <symbol id="sm-902">
         <name>g_sCrystalfontz128x128</name>
         <value>0x697a</value>
         <object_component_ref idref="oc-789"/>
      </symbol>
      <symbol id="sm-903">
         <name>Crystalfontz128x128_Init</name>
         <value>0x10fee</value>
         <object_component_ref idref="oc-77a"/>
      </symbol>
      <symbol id="sm-923">
         <name>HAL_LCD_writeData</name>
         <value>0x12476</value>
         <object_component_ref idref="oc-860"/>
      </symbol>
      <symbol id="sm-924">
         <name>HAL_LCD_SpiInit</name>
         <value>0x11d0c</value>
         <object_component_ref idref="oc-854"/>
      </symbol>
      <symbol id="sm-925">
         <name>HAL_LCD_PortInit</name>
         <value>0x1237e</value>
         <object_component_ref idref="oc-84e"/>
      </symbol>
      <symbol id="sm-926">
         <name>HAL_LCD_writeCommand</name>
         <value>0x12464</value>
         <object_component_ref idref="oc-85a"/>
      </symbol>
      <symbol id="sm-949">
         <name>__TI_decompress_lzss</name>
         <value>0x1199a</value>
         <object_component_ref idref="oc-7a"/>
      </symbol>
      <symbol id="sm-95a">
         <name>__TI_decompress_none</name>
         <value>0x1249a</value>
         <object_component_ref idref="oc-80"/>
      </symbol>
      <symbol id="sm-95d">
         <name>__TI_int27</name>
         <value>0xffc6</value>
         <object_component_ref idref="oc-86"/>
      </symbol>
      <symbol id="sm-965">
         <name>__TI_ISR_TRAP</name>
         <value>0x4420</value>
         <object_component_ref idref="oc-629"/>
      </symbol>
      <symbol id="sm-968">
         <name>__TI_int28</name>
         <value>0xffc8</value>
         <object_component_ref idref="oc-87"/>
      </symbol>
      <symbol id="sm-96b">
         <name>__TI_int29</name>
         <value>0xffca</value>
         <object_component_ref idref="oc-88"/>
      </symbol>
      <symbol id="sm-96e">
         <name>__TI_int30</name>
         <value>0xffcc</value>
         <object_component_ref idref="oc-89"/>
      </symbol>
      <symbol id="sm-971">
         <name>__TI_int31</name>
         <value>0xffce</value>
         <object_component_ref idref="oc-8a"/>
      </symbol>
      <symbol id="sm-974">
         <name>__TI_int32</name>
         <value>0xffd0</value>
         <object_component_ref idref="oc-8b"/>
      </symbol>
      <symbol id="sm-977">
         <name>__TI_int33</name>
         <value>0xffd2</value>
         <object_component_ref idref="oc-8c"/>
      </symbol>
      <symbol id="sm-97a">
         <name>__TI_int34</name>
         <value>0xffd4</value>
         <object_component_ref idref="oc-8d"/>
      </symbol>
      <symbol id="sm-97d">
         <name>__TI_int35</name>
         <value>0xffd6</value>
         <object_component_ref idref="oc-8e"/>
      </symbol>
      <symbol id="sm-980">
         <name>__TI_int36</name>
         <value>0xffd8</value>
         <object_component_ref idref="oc-8f"/>
      </symbol>
      <symbol id="sm-983">
         <name>__TI_int37</name>
         <value>0xffda</value>
         <object_component_ref idref="oc-90"/>
      </symbol>
      <symbol id="sm-986">
         <name>__TI_int38</name>
         <value>0xffdc</value>
         <object_component_ref idref="oc-91"/>
      </symbol>
      <symbol id="sm-989">
         <name>__TI_int39</name>
         <value>0xffde</value>
         <object_component_ref idref="oc-92"/>
      </symbol>
      <symbol id="sm-98c">
         <name>__TI_int40</name>
         <value>0xffe0</value>
         <object_component_ref idref="oc-93"/>
      </symbol>
      <symbol id="sm-98f">
         <name>__TI_int41</name>
         <value>0xffe2</value>
         <object_component_ref idref="oc-94"/>
      </symbol>
      <symbol id="sm-992">
         <name>__TI_int42</name>
         <value>0xffe4</value>
         <object_component_ref idref="oc-95"/>
      </symbol>
      <symbol id="sm-995">
         <name>__TI_int43</name>
         <value>0xffe6</value>
         <object_component_ref idref="oc-96"/>
      </symbol>
      <symbol id="sm-998">
         <name>__TI_int44</name>
         <value>0xffe8</value>
         <object_component_ref idref="oc-97"/>
      </symbol>
      <symbol id="sm-99b">
         <name>__TI_int45</name>
         <value>0xffea</value>
         <object_component_ref idref="oc-98"/>
      </symbol>
      <symbol id="sm-99e">
         <name>__TI_int46</name>
         <value>0xffec</value>
         <object_component_ref idref="oc-99"/>
      </symbol>
      <symbol id="sm-9a1">
         <name>__TI_int47</name>
         <value>0xffee</value>
         <object_component_ref idref="oc-9a"/>
      </symbol>
      <symbol id="sm-9a4">
         <name>__TI_int48</name>
         <value>0xfff0</value>
         <object_component_ref idref="oc-9b"/>
      </symbol>
      <symbol id="sm-9a7">
         <name>__TI_int49</name>
         <value>0xfff2</value>
         <object_component_ref idref="oc-9c"/>
      </symbol>
      <symbol id="sm-9aa">
         <name>__TI_int50</name>
         <value>0xfff4</value>
         <object_component_ref idref="oc-9d"/>
      </symbol>
      <symbol id="sm-9ad">
         <name>__TI_int51</name>
         <value>0xfff6</value>
         <object_component_ref idref="oc-9e"/>
      </symbol>
      <symbol id="sm-9b0">
         <name>__TI_int52</name>
         <value>0xfff8</value>
         <object_component_ref idref="oc-9f"/>
      </symbol>
      <symbol id="sm-9b3">
         <name>__TI_int53</name>
         <value>0xfffa</value>
         <object_component_ref idref="oc-a0"/>
      </symbol>
      <symbol id="sm-9b6">
         <name>__TI_int54</name>
         <value>0xfffc</value>
         <object_component_ref idref="oc-a1"/>
      </symbol>
      <symbol id="sm-9c9">
         <name>__TI_zero_init</name>
         <value>0x122dc</value>
         <object_component_ref idref="oc-634"/>
      </symbol>
      <symbol id="sm-9d5">
         <name>__mspabi_remi</name>
         <value>0x1223e</value>
         <object_component_ref idref="oc-8f3"/>
      </symbol>
      <symbol id="sm-9d6">
         <name>__mspabi_divi</name>
         <value>0x1223e</value>
         <object_component_ref idref="oc-8f3"/>
      </symbol>
      <symbol id="sm-9e2">
         <name>__mspabi_remli</name>
         <value>0x11f3a</value>
         <object_component_ref idref="oc-8d8"/>
      </symbol>
      <symbol id="sm-9e3">
         <name>__mspabi_divli</name>
         <value>0x11f3a</value>
         <object_component_ref idref="oc-8d8"/>
      </symbol>
      <symbol id="sm-9ed">
         <name>__mspabi_remu</name>
         <value>0x12424</value>
         <object_component_ref idref="oc-926"/>
      </symbol>
      <symbol id="sm-9ee">
         <name>__mspabi_divu</name>
         <value>0x12424</value>
         <object_component_ref idref="oc-926"/>
      </symbol>
      <symbol id="sm-9fc">
         <name>__mspabi_remul</name>
         <value>0x11b26</value>
         <object_component_ref idref="oc-983"/>
      </symbol>
      <symbol id="sm-9fd">
         <name>__mspabi_divul</name>
         <value>0x11b26</value>
         <object_component_ref idref="oc-983"/>
      </symbol>
      <symbol id="sm-a06">
         <name>__mspabi_mpyi_f5hw</name>
         <value>0x123e0</value>
         <object_component_ref idref="oc-7d3"/>
      </symbol>
      <symbol id="sm-a0f">
         <name>__mspabi_mpyl_f5hw</name>
         <value>0x12300</value>
         <object_component_ref idref="oc-9ab"/>
      </symbol>
      <symbol id="sm-a1b">
         <name>__mspabi_slli</name>
         <value>0x124f4</value>
         <object_component_ref idref="oc-989"/>
      </symbol>
      <symbol id="sm-a24">
         <name>__mspabi_srli</name>
         <value>0x124fe</value>
         <object_component_ref idref="oc-963"/>
      </symbol>
      <symbol id="sm-a2c">
         <name>__mspabi_srll_8</name>
         <value>0x11fd4</value>
         <object_component_ref idref="oc-96c"/>
      </symbol>
      <symbol id="sm-a2d">
         <name>__mspabi_srll_9</name>
         <value>0x11fd0</value>
         <object_component_ref idref="oc-96c"/>
      </symbol>
      <symbol id="sm-a2e">
         <name>__mspabi_srll_6</name>
         <value>0x11fdc</value>
         <object_component_ref idref="oc-96c"/>
      </symbol>
      <symbol id="sm-a2f">
         <name>__mspabi_srll_7</name>
         <value>0x11fd8</value>
         <object_component_ref idref="oc-96c"/>
      </symbol>
      <symbol id="sm-a30">
         <name>__mspabi_srll_4</name>
         <value>0x11fe4</value>
         <object_component_ref idref="oc-96c"/>
      </symbol>
      <symbol id="sm-a31">
         <name>__mspabi_srll_5</name>
         <value>0x11fe0</value>
         <object_component_ref idref="oc-96c"/>
      </symbol>
      <symbol id="sm-a32">
         <name>__mspabi_srll_2</name>
         <value>0x11fec</value>
         <object_component_ref idref="oc-96c"/>
      </symbol>
      <symbol id="sm-a33">
         <name>__mspabi_srll_3</name>
         <value>0x11fe8</value>
         <object_component_ref idref="oc-96c"/>
      </symbol>
      <symbol id="sm-a34">
         <name>__mspabi_srll_1</name>
         <value>0x11ff0</value>
         <object_component_ref idref="oc-96c"/>
      </symbol>
      <symbol id="sm-a35">
         <name>__mspabi_srll_15</name>
         <value>0x11fb8</value>
         <object_component_ref idref="oc-96c"/>
      </symbol>
      <symbol id="sm-a36">
         <name>__mspabi_srll_14</name>
         <value>0x11fbc</value>
         <object_component_ref idref="oc-96c"/>
      </symbol>
      <symbol id="sm-a37">
         <name>__mspabi_srll_13</name>
         <value>0x11fc0</value>
         <object_component_ref idref="oc-96c"/>
      </symbol>
      <symbol id="sm-a38">
         <name>__mspabi_srll_12</name>
         <value>0x11fc4</value>
         <object_component_ref idref="oc-96c"/>
      </symbol>
      <symbol id="sm-a39">
         <name>__mspabi_srll_11</name>
         <value>0x11fc8</value>
         <object_component_ref idref="oc-96c"/>
      </symbol>
      <symbol id="sm-a3a">
         <name>__mspabi_srll_10</name>
         <value>0x11fcc</value>
         <object_component_ref idref="oc-96c"/>
      </symbol>
      <symbol id="sm-a4a">
         <name>_c_int00_noargs_mpu</name>
         <value>0x4400</value>
         <object_component_ref idref="oc-658"/>
      </symbol>
      <symbol id="sm-a4b">
         <name>_stack</name>
         <value>0x2360</value>
         <object_component_ref idref="oc-60d"/>
      </symbol>
      <symbol id="sm-a4c">
         <name>_reset_vector</name>
         <value>0xfffe</value>
         <object_component_ref idref="oc-610"/>
      </symbol>
      <symbol id="sm-a55">
         <name>__mpu_init</name>
         <value>0x12212</value>
         <object_component_ref idref="oc-69c"/>
      </symbol>
      <symbol id="sm-a79">
         <name>__TI_auto_init_nobinit_nopinit_hold_wdt</name>
         <value>0x11b7e</value>
         <object_component_ref idref="oc-6e3"/>
      </symbol>
      <symbol id="sm-a82">
         <name>_system_post_cinit</name>
         <value>0x12524</value>
         <object_component_ref idref="oc-758"/>
      </symbol>
      <symbol id="sm-a8b">
         <name>_system_pre_init</name>
         <value>0x1251c</value>
         <object_component_ref idref="oc-684"/>
      </symbol>
      <symbol id="sm-a9b">
         <name>C$$EXIT</name>
         <value>0x12516</value>
         <object_component_ref idref="oc-6bf"/>
      </symbol>
      <symbol id="sm-a9c">
         <name>abort</name>
         <value>0x12516</value>
         <object_component_ref idref="oc-6bf"/>
      </symbol>
      <symbol id="sm-ab3">
         <name>_nop</name>
         <value>0x12522</value>
         <object_component_ref idref="oc-828"/>
      </symbol>
      <symbol id="sm-ab4">
         <name>_lock</name>
         <value>0x2026</value>
         <object_component_ref idref="oc-74a"/>
      </symbol>
      <symbol id="sm-ab5">
         <name>_unlock</name>
         <value>0x202a</value>
         <object_component_ref idref="oc-753"/>
      </symbol>
      <symbol id="sm-ac3">
         <name>memcpy</name>
         <value>0x12450</value>
         <object_component_ref idref="oc-61c"/>
      </symbol>
      <symbol id="sm-adc">
         <name>rand</name>
         <value>0x11efa</value>
         <object_component_ref idref="oc-920"/>
      </symbol>
      <symbol id="sm-add">
         <name>srand</name>
         <value>0x1243a</value>
         <object_component_ref idref="oc-71c"/>
      </symbol>
      <symbol id="sm-b09">
         <name>snprintf</name>
         <value>0x11a10</value>
         <object_component_ref idref="oc-813"/>
      </symbol>
      <symbol id="sm-b6d">
         <name>__TI_printfi_minimal</name>
         <value>0x11498</value>
         <object_component_ref idref="oc-93b"/>
      </symbol>
      <symbol id="sm-b99">
         <name>memccpy</name>
         <value>0x12292</value>
         <object_component_ref idref="oc-9f7"/>
      </symbol>
      <symbol id="sm-ba7">
         <name>memset</name>
         <value>0x1240e</value>
         <object_component_ref idref="oc-9ea"/>
      </symbol>
      <symbol id="sm-bb5">
         <name>strlen</name>
         <value>0x124e6</value>
         <object_component_ref idref="oc-9b4"/>
      </symbol>
   </symbol_table>
   <title>Link successful</title>
</link_info>
